Microchip MPLAB XC8 Compiler V2.46

Linker command line:

-W-3 \
  --edf=C:\Program Files\Microchip\xc8\v2.46\pic\dat\20240104201356_en.msgs \
  --msgdisable=0 -cn -h+dist/default/debug\application.X.debug.sym \
  --cmf=dist/default/debug\application.X.debug.cmf -z -Q18F4620 \
  -oC:\Users\smart\AppData\Local\Temp\xcAs9no.\driver_tmp_3.o \
  --defsym=__MPLAB_BUILD=1 --fixupoverflow=error \
  -Mdist/default/debug/application.X.debug.map \
  --md=C:\Users\smart\AppData\Local\Temp\xcAs9no.\driver_tmp_0.dat -E1 \
  -ver=XC8 Compiler --acfsm=1493 -ACODE=00h-0FFFFh -ACONST=00h-0FFFFh \
  -ASMALLCONST=01000h-010FFhx240 -AMEDIUMCONST=01000h-0FFFFh \
  -ACOMRAM=01h-07Fh -AABS1=00h-0F7Fh -ABIGRAM=01h-0F7Fh \
  -ARAM=080h-0FFh,0100h-01FFhx14,0F00h-0F7Fh -ABANK0=080h-0FFh \
  -ABANK1=0100h-01FFh -ABANK2=0200h-02FFh -ABANK3=0300h-03FFh \
  -ABANK4=0400h-04FFh -ABANK5=0500h-05FFh -ABANK6=0600h-06FFh \
  -ABANK7=0700h-07FFh -ABANK8=0800h-08FFh -ABANK9=0900h-09FFh \
  -ABANK10=0A00h-0AFFh -ABANK11=0B00h-0BFFh -ABANK12=0C00h-0CFFh \
  -ABANK13=0D00h-0DFFh -ABANK14=0E00h-0EFFh -ABANK15=0F00h-0F7Fh \
  -ASFR=0F80h-0FFFh -ABIGSFR=0F80h-0FFFh -ACONFIG=0300000h-030000Dh \
  -AIDLOC=0200000h-0200007h -AEEDATA=0F00000h-0F003FFh -peeprom_data=EEDATA \
  -preset_vec=00h,intcode=8h,intcodelo,powerup,init -pramtop=01000h \
  -psmallconst=SMALLCONST -pmediumconst=MEDIUMCONST -pconst=CONST \
  -AFARRAM=00h-00h \
  -prdata=COMRAM,nvrram=COMRAM,nvbit=COMRAM,rbss=COMRAM,rbit=COMRAM \
  -pfarbss=FARRAM,fardata=FARRAM,nvFARRAM=FARRAM \
  -pintsave_regs=BIGRAM,bigbss=BIGRAM,bigdata=BIGRAM -pbss=RAM \
  -pidata=CODE,irdata=CODE,ibigdata=CODE,ifardata=CODE -prparam=COMRAM \
  C:\Users\smart\AppData\Local\Temp\xcAs9no.\driver_tmp_9.o \
  dist/default/debug\application.X.debug.o 

Object code version is 3.11

Machine type is 18F4620



                Name                               Link     Load   Length Selector   Space Scale
C:\Users\smart\AppData\Local\Temp\xcAs9no.\driver_tmp_9.o
                config                           300000   300000        E        0       4
                init                                  E        E        4        4       0
                reset_vec                             0        0        4        0       0
dist/default/debug\application.X.debug.o
                intcode                               8        8        6        4       0
                config                           300000   300000        E        0       4
                temp                                 52       52        1        1       1
                smallconst                         1000     1000        2      800       0
                text17                             1706     1706        4      801       0
                text16                             1702     1702        4      801       0
                text15                             16FE     16FE        4      801       0
                text14                             16DA     16DA       1A      801       0
                text13                             16C0     16C0       1A      801       0
                text12                             16A6     16A6       1A      801       0
                text11                             168C     168C       1A      801       0
                intcode_body                       1002     1002      286      801       0
                text9                              1360     1360       B8      801       0
                text8                              1288     1288       D8      801       0
                text7                              160C     160C       38      801       0
                text6                              166A     166A       22      801       0
                text5                              14AA     14AA       64      801       0
                text4                              155A     155A       3E      801       0
                text3                              15D2     15D2       3A      801       0
                text2                              1418     1418       92      801       0
                text1                              16F4     16F4        A      801       0
                text0                              150E     150E       4C      801       0
                cstackCOMRAM                         45       45        D        1       1
                dataCOMRAM                            1        1       26        1       1
                bssCOMRAM                            27       27       1E        1       1
                cinit                              1598     1598       3A      801       0
                idataCOMRAM                        1644     1644       26      801       0

TOTAL           Name                               Link     Load   Length     Space
        CLASS   CODE           
                intcode                               8        8        6         0
                init                                  E        E        4         0
                reset_vec                             0        0        4         0
                text17                             1706     1706        4         0
                text16                             1702     1702        4         0
                text15                             16FE     16FE        4         0
                text14                             16DA     16DA       1A         0
                text13                             16C0     16C0       1A         0
                text12                             16A6     16A6       1A         0
                text11                             168C     168C       1A         0
                intcode_body                       1002     1002      286         0
                text9                              1360     1360       B8         0
                text8                              1288     1288       D8         0
                text7                              160C     160C       38         0
                text6                              166A     166A       22         0
                text5                              14AA     14AA       64         0
                text4                              155A     155A       3E         0
                text3                              15D2     15D2       3A         0
                text2                              1418     1418       92         0
                text1                              16F4     16F4        A         0
                text0                              150E     150E       4C         0
                cinit                              1598     1598       3A         0
                idataCOMRAM                        1644     1644       26         0

        CLASS   CONST          

        CLASS   SMALLCONST     
                smallconst                         1000     1000        2         0

        CLASS   MEDIUMCONST    

        CLASS   COMRAM         
                temp                                 52       52        1         1
                cstackCOMRAM                         45       45        D         1
                dataCOMRAM                            1        1       26         1
                bssCOMRAM                            27       27       1E         1

        CLASS   ABS1           

        CLASS   BIGRAM         

        CLASS   RAM            

        CLASS   BANK0          

        CLASS   BANK1          

        CLASS   BANK2          

        CLASS   BANK3          

        CLASS   BANK4          

        CLASS   BANK5          

        CLASS   BANK6          

        CLASS   BANK7          

        CLASS   BANK8          

        CLASS   BANK9          

        CLASS   BANK10         

        CLASS   BANK11         

        CLASS   BANK12         

        CLASS   BANK13         

        CLASS   BANK14         

        CLASS   BANK15         

        CLASS   SFR            

        CLASS   BIGSFR         

        CLASS   CONFIG         
                config                           300000   300000        E         4

        CLASS   IDLOC          

        CLASS   EEDATA         

        CLASS   FARRAM         

        CLASS   HEAP           

        CLASS   STACK          



SEGMENTS        Name                           Load    Length   Top    Selector   Space  Class

                reset_vec                      000000  000004  000004         0       0  CODE    
                dataCOMRAM                     000001  000052  000053         1       1  COMRAM  
                intcode                        000008  00000A  000012         4       0  CODE    
                smallconst                     001000  000002  001002       800       0  SMALLCON
                intcode_body                   001002  000708  00170A       801       0  CODE    


UNUSED ADDRESS RANGES

        Name                Unused          Largest block    Delta
        BANK0            000080-0000FF               80
        BANK1            000100-0001FF              100
        BANK10           000A00-000AFF              100
        BANK11           000B00-000BFF              100
        BANK12           000C00-000CFF              100
        BANK13           000D00-000DFF              100
        BANK14           000E00-000EFF              100
        BANK15           000F00-000F7F               80
        BANK2            000200-0002FF              100
        BANK3            000300-0003FF              100
        BANK4            000400-0004FF              100
        BANK5            000500-0005FF              100
        BANK6            000600-0006FF              100
        BANK7            000700-0007FF              100
        BANK8            000800-0008FF              100
        BANK9            000900-0009FF              100
        BIGRAM           000053-000F7F              F2D
        BIGSFR           000F80-000FFF               80
        CODE             000004-000007                4
                         000012-000FFF              FEE
                         00170A-00FFFF             E8F6
        COMRAM           000053-00007F               2D
        CONST            000004-000007                4
                         000012-000FFF              FEE
                         00170A-00FFFF             E8F6
        EEDATA           F00000-F003FF              400
        IDLOC            200000-200007                8
        MEDIUMCONST      00170A-00FFFF             E8F6
        RAM              000080-000F7F              100
        SFR              000F80-000FFF               80
        SMALLCONST       00170A-00FFFF              100

                                  Symbol Table

ADC_GetConversionResult@Conversion_result      cstackCOMRAM 000047
ADC_GetConversionResult@_adc                   cstackCOMRAM 000046
ADC_GetConversionResult@ret                    cstackCOMRAM 00004B
ADC_GetConversion_Blocking@Conversion_result   cstackCOMRAM 00004E
ADC_GetConversion_Blocking@_adc                cstackCOMRAM 00004D
ADC_GetConversion_Blocking@channel             cstackCOMRAM 00004F
ADC_GetConversion_Blocking@l_conversion_status cstackCOMRAM 000050
ADC_GetConversion_Blocking@ret                 cstackCOMRAM 000051
ADC_Init@_adc                                  cstackCOMRAM 000049
ADC_Init@ret                                   cstackCOMRAM 00004B
ADC_SelectChannel@_adc                         cstackCOMRAM 000049
ADC_SelectChannel@channel                      cstackCOMRAM 00004A
ADC_SelectChannel@ret                          cstackCOMRAM 00004C
ADC_StartConversion@_adc                       cstackCOMRAM 000046
ADC_StartConversion@ret                        cstackCOMRAM 000047
RB4_ISR@RB4_source                             cstackCOMRAM 000045
RB5_ISR@RB5_source                             cstackCOMRAM 000045
RB6_ISR@RB6_source                             cstackCOMRAM 000045
RB7_ISR@RB7_source                             cstackCOMRAM 000045
_ADCON0bits                                    (abs)        000FC2
_ADCON1bits                                    (abs)        000FC1
_ADCON2bits                                    (abs)        000FC0
_ADC_GetConversionResult                       text9        001360
_ADC_GetConversion_Blocking                    text5        0014AA
_ADC_Init                                      text2        001418
_ADC_SelectChannel                             text7        00160C
_ADC_StartConversion                           text6        00166A
_ADRESH                                        (abs)        000FC4
_ADRESL                                        (abs)        000FC3
_EEADR                                         (abs)        000FA9
_EEADRH                                        (abs)        000FAA
_EECON1bits                                    (abs)        000FA6
_EECON2                                        (abs)        000FA7
_EEDATA                                        (abs)        000FA8
_INT0_ISR                                      text17       001706
_INT0_InterruptHandler                         bssCOMRAM    00003B
_INT1_ISR                                      text16       001702
_INT1_InterruptHandler                         bssCOMRAM    000039
_INT2_ISR                                      text15       0016FE
_INT2_InterruptHandler                         bssCOMRAM    000037
_INTCON2bits                                   (abs)        000FF1
_INTCON3bits                                   (abs)        000FF0
_INTCONbits                                    (abs)        000FF2
_InterruptManager                              intcode      000008
_LATA                                          (abs)        000F89
_LATB                                          (abs)        000F8A
_LATC                                          (abs)        000F8B
_LATD                                          (abs)        000F8C
_LATE                                          (abs)        000F8D
_PORTA                                         (abs)        000F80
_PORTB                                         (abs)        000F81
_PORTBbits                                     (abs)        000F81
_PORTC                                         (abs)        000F82
_PORTD                                         (abs)        000F83
_PORTE                                         (abs)        000F84
_RB4_Flag                                      dataCOMRAM   000022
_RB4_ISR                                       text14       0016DA
_RB4_InterruptHandlerHigh                      bssCOMRAM    000035
_RB4_InterruptHandlerLow                       bssCOMRAM    000033
_RB5_Flag                                      dataCOMRAM   000021
_RB5_ISR                                       text13       0016C0
_RB5_InterruptHandlerHigh                      bssCOMRAM    000031
_RB5_InterruptHandlerLow                       bssCOMRAM    00002F
_RB6_Flag                                      dataCOMRAM   000020
_RB6_ISR                                       text12       0016A6
_RB6_InterruptHandlerHigh                      bssCOMRAM    00002D
_RB6_InterruptHandlerLow                       bssCOMRAM    00002B
_RB7_Flag                                      dataCOMRAM   00001F
_RB7_ISR                                       text11       00168C
_RB7_InterruptHandlerHigh                      bssCOMRAM    000029
_RB7_InterruptHandlerLow                       bssCOMRAM    000027
_TRISA                                         (abs)        000F92
_TRISB                                         (abs)        000F93
_TRISC                                         (abs)        000F94
_TRISD                                         (abs)        000F95
_TRISE                                         (abs)        000F96
__HRAM                                         (abs)        000000
__H__absolute__                                __absolute__ 000000
__Habs1                                        abs1         000000
__Hbank0                                       bank0        000000
__Hbank1                                       bank1        000000
__Hbank10                                      bank10       000000
__Hbank11                                      bank11       000000
__Hbank12                                      bank12       000000
__Hbank13                                      bank13       000000
__Hbank14                                      bank14       000000
__Hbank15                                      bank15       000000
__Hbank2                                       bank2        000000
__Hbank3                                       bank3        000000
__Hbank4                                       bank4        000000
__Hbank5                                       bank5        000000
__Hbank6                                       bank6        000000
__Hbank7                                       bank7        000000
__Hbank8                                       bank8        000000
__Hbank9                                       bank9        000000
__Hbigbss                                      bigbss       000000
__Hbigdata                                     bigdata      000000
__Hbigram                                      bigram       000000
__Hbigsfr                                      bigsfr       000000
__Hbss                                         bss          000000
__HbssCOMRAM                                   bssCOMRAM    000000
__Hcinit                                       cinit        000000
__Hclrtext                                     clrtext      000000
__Hcomram                                      comram       000000
__Hconfig                                      config       30000E
__Hconst                                       const        000000
__HcstackCOMRAM                                cstackCOMRAM 000000
__Hdata                                        data         000000
__HdataCOMRAM                                  dataCOMRAM   000000
__Heeprom_data                                 eeprom_data  000000
__Hfarbss                                      farbss       000000
__Hfardata                                     fardata      000000
__Hheap                                        heap         000000
__Hibigdata                                    ibigdata     000000
__Hidata                                       idata        000000
__HidataCOMRAM                                 idataCOMRAM  000000
__Hidloc                                       idloc        000000
__Hifardata                                    ifardata     000000
__Hinit                                        init         000012
__Hintcode                                     intcode      00000E
__Hintcode_body                                intcode_body 000000
__Hintcodelo                                   intcodelo    00000E
__Hintentry                                    intentry     000000
__Hintret                                      intret       000000
__Hintsave_regs                                intsave_regs 000000
__Hirdata                                      irdata       000000
__Hmediumconst                                 mediumconst  000000
__HnvFARRAM                                    nvFARRAM     000000
__Hnvbit                                       nvbit        000000
__Hnvrram                                      nvrram       000000
__Hparam                                       rparam       000000
__Hpowerup                                     powerup      00000E
__Hram                                         ram          000000
__Hramtop                                      ramtop       001000
__Hrbit                                        rbit         000000
__Hrbss                                        rbss         000000
__Hrdata                                       rdata        000000
__Hreset_vec                                   reset_vec    000004
__Hrparam                                      rparam       000000
__Hsfr                                         sfr          000000
__Hsivt_hi                                     sivt_hi      000000
__Hsivt_lo                                     sivt_lo      000000
__Hsmallconst                                  smallconst   001002
__Hspace_0                                     (abs)        00170A
__Hspace_1                                     (abs)        000053
__Hspace_2                                     (abs)        000000
__Hspace_4                                     (abs)        60000E
__Hstack                                       stack        000000
__Hstruct                                      struct       000000
__Htemp                                        temp         000053
__Htext                                        text         000000
__Htext0                                       text0        000000
__Htext1                                       text1        000000
__Htext11                                      text11       000000
__Htext12                                      text12       000000
__Htext13                                      text13       000000
__Htext14                                      text14       000000
__Htext15                                      text15       000000
__Htext16                                      text16       000000
__Htext17                                      text17       000000
__Htext2                                       text2        000000
__Htext3                                       text3        000000
__Htext4                                       text4        000000
__Htext5                                       text5        000000
__Htext6                                       text6        000000
__Htext7                                       text7        000000
__Htext8                                       text8        000000
__Htext9                                       text9        000000
__LRAM                                         (abs)        000001
__L__absolute__                                __absolute__ 000000
__Labs1                                        abs1         000000
__Lbank0                                       bank0        000000
__Lbank1                                       bank1        000000
__Lbank10                                      bank10       000000
__Lbank11                                      bank11       000000
__Lbank12                                      bank12       000000
__Lbank13                                      bank13       000000
__Lbank14                                      bank14       000000
__Lbank15                                      bank15       000000
__Lbank2                                       bank2        000000
__Lbank3                                       bank3        000000
__Lbank4                                       bank4        000000
__Lbank5                                       bank5        000000
__Lbank6                                       bank6        000000
__Lbank7                                       bank7        000000
__Lbank8                                       bank8        000000
__Lbank9                                       bank9        000000
__Lbigbss                                      bigbss       000000
__Lbigdata                                     bigdata      000000
__Lbigram                                      bigram       000000
__Lbigsfr                                      bigsfr       000000
__Lbss                                         bss          000000
__LbssCOMRAM                                   bssCOMRAM    000000
__Lcinit                                       cinit        000000
__Lclrtext                                     clrtext      000000
__Lcomram                                      comram       000000
__Lconfig                                      config       000000
__Lconst                                       const        000000
__LcstackCOMRAM                                cstackCOMRAM 000000
__Ldata                                        data         000000
__LdataCOMRAM                                  dataCOMRAM   000000
__Leeprom_data                                 eeprom_data  000000
__Lfarbss                                      farbss       000000
__Lfardata                                     fardata      000000
__Lheap                                        heap         000000
__Libigdata                                    ibigdata     000000
__Lidata                                       idata        000000
__LidataCOMRAM                                 idataCOMRAM  000000
__Lidloc                                       idloc        000000
__Lifardata                                    ifardata     000000
__Linit                                        init         00000E
__Lintcode                                     intcode      000008
__Lintcode_body                                intcode_body 000000
__Lintcodelo                                   intcodelo    00000E
__Lintentry                                    intentry     000000
__Lintret                                      intret       000000
__Lintsave_regs                                intsave_regs 000000
__Lirdata                                      irdata       000000
__Lmediumconst                                 mediumconst  000000
__LnvFARRAM                                    nvFARRAM     000000
__Lnvbit                                       nvbit        000000
__Lnvrram                                      nvrram       000000
__Lparam                                       rparam       000000
__Lpowerup                                     powerup      00000E
__Lram                                         ram          000000
__Lramtop                                      ramtop       001000
__Lrbit                                        rbit         000000
__Lrbss                                        rbss         000000
__Lrdata                                       rdata        000000
__Lreset_vec                                   reset_vec    000000
__Lrparam                                      rparam       000000
__Lsfr                                         sfr          000000
__Lsivt_hi                                     sivt_hi      000000
__Lsivt_lo                                     sivt_lo      000000
__Lsmallconst                                  smallconst   001000
__Lspace_0                                     (abs)        000000
__Lspace_1                                     (abs)        000000
__Lspace_2                                     (abs)        000000
__Lspace_4                                     (abs)        000000
__Lstack                                       stack        000000
__Lstruct                                      struct       000000
__Ltemp                                        temp         000052
__Ltext                                        text         000000
__Ltext0                                       text0        000000
__Ltext1                                       text1        000000
__Ltext11                                      text11       000000
__Ltext12                                      text12       000000
__Ltext13                                      text13       000000
__Ltext14                                      text14       000000
__Ltext15                                      text15       000000
__Ltext16                                      text16       000000
__Ltext17                                      text17       000000
__Ltext2                                       text2        000000
__Ltext3                                       text3        000000
__Ltext4                                       text4        000000
__Ltext5                                       text5        000000
__Ltext6                                       text6        000000
__Ltext7                                       text7        000000
__Ltext8                                       text8        000000
__Ltext9                                       text9        000000
__S0                                           (abs)        00170A
__S1                                           (abs)        000053
__S4                                           (abs)        000000
__S5                                           (abs)        000000
___heap_hi                                     (abs)        000000
___heap_lo                                     (abs)        000000
___inthi_sp                                    stack        000000
___inthi_stack_hi                              stack        000000
___inthi_stack_lo                              stack        000000
___intlo_sp                                    stack        000000
___intlo_stack_hi                              stack        000000
___intlo_stack_lo                              stack        000000
___param_bank                                  (abs)        000000
___rparam_used                                 (abs)        000001
___sp                                          stack        000000
___stack_hi                                    stack        000000
___stack_lo                                    stack        000000
__accesstop                                    (abs)        000080
__activetblptr                                 (abs)        000002
__end_of_ADC_GetConversionResult               text9        001418
__end_of_ADC_GetConversion_Blocking            text5        00150E
__end_of_ADC_Init                              text2        0014AA
__end_of_ADC_SelectChannel                     text7        001644
__end_of_ADC_StartConversion                   text6        00168C
__end_of_INT0_ISR                              text17       00170A
__end_of_INT1_ISR                              text16       001706
__end_of_INT2_ISR                              text15       001702
__end_of_InterruptManager                      intcode_body 001288
__end_of_RB4_ISR                               text14       0016F4
__end_of_RB5_ISR                               text13       0016DA
__end_of_RB6_ISR                               text12       0016C0
__end_of_RB7_ISR                               text11       0016A6
__end_of__initialization                       cinit        0015C4
__end_of_adc_input_channel_pin_configure       text8        001360
__end_of_application_intialize                 text1        0016FE
__end_of_configure_voltage_reference           text4        001598
__end_of_main                                  text0        00155A
__end_of_select_result_format                  text3        00160C
__initialization                               cinit        001598
__mediumconst                                  mediumconst  000000
__pbssCOMRAM                                   bssCOMRAM    000027
__pcinit                                       cinit        001598
__pcstackCOMRAM                                cstackCOMRAM 000045
__pdataCOMRAM                                  dataCOMRAM   000001
__pidataCOMRAM                                 idataCOMRAM  001644
__pintcode                                     intcode      000008
__pintcode_body                                intcode_body 001002
__psmallconst                                  smallconst   001000
__ptext0                                       text0        00150E
__ptext1                                       text1        0016F4
__ptext11                                      text11       00168C
__ptext12                                      text12       0016A6
__ptext13                                      text13       0016C0
__ptext14                                      text14       0016DA
__ptext15                                      text15       0016FE
__ptext16                                      text16       001702
__ptext17                                      text17       001706
__ptext2                                       text2        001418
__ptext3                                       text3        0015D2
__ptext4                                       text4        00155A
__ptext5                                       text5        0014AA
__ptext6                                       text6        00166A
__ptext7                                       text7        00160C
__ptext8                                       text8        001288
__ptext9                                       text9        001360
__ramtop                                       ramtop       001000
__smallconst                                   smallconst   001000
_adc1                                          dataCOMRAM   000023
_adc_input_channel_pin_configure               text8        001288
_adc_res_0                                     bssCOMRAM    000043
_adc_res_1                                     bssCOMRAM    000041
_adc_res_2                                     bssCOMRAM    00003F
_adc_res_3                                     bssCOMRAM    00003D
_application_intialize                         text1        0016F4
_configure_voltage_reference                   text4        00155A
_lat_registers                                 dataCOMRAM   00000B
_main                                          text0        00150E
_port_registers                                dataCOMRAM   000001
_select_result_format                          text3        0015D2
_tris_registers                                dataCOMRAM   000015
adc_input_channel_pin_configure@channel        cstackCOMRAM 000048
btemp                                          temp         000052
configure_voltage_reference@_adc               cstackCOMRAM 000046
end_of_initialization                          cinit        0015C4
int$flags                                      temp         000052
int_func                                       intcode_body 001002
intlevel0                                      text         000000
intlevel1                                      text         000000
intlevel2                                      text         000000
intlevel3                                      text         000000
isa$std                                        (abs)        000001
isa$xinst                                      (abs)        000000
select_result_format@_adc                      cstackCOMRAM 000046
stackhi                                        (abs)        000000
stacklo                                        (abs)        000000
start                                          init         00000E
start_initialization                           cinit        001598
ttemp5                                         temp         000053
ttemp6                                         temp         000056
ttemp7                                         temp         00005A
wtemp8                                         temp         000053


MODULE INFORMATION

Module		Function		Class		Link	Load	Size
MCAL_Layer/Interrupt/External_Interrupt.c
		_RB4_ISR       		CODE           	16DA	0000	26
		_RB5_ISR       		CODE           	16C0	0000	26
		_RB6_ISR       		CODE           	16A6	0000	26
		_RB7_ISR       		CODE           	168C	0000	26
		_INT0_ISR      		CODE           	1706	0000	4
		_INT1_ISR      		CODE           	1702	0000	4
		_INT2_ISR      		CODE           	16FE	0000	4

MCAL_Layer/Interrupt/External_Interrupt.c estimated size: 116

MCAL_Layer/ADC/adc.c
		_adc_input_channel_pin_configure		CODE           	1288	0000	216
		_ADC_GetConversion_Blocking		CODE           	14AA	0000	100
		_ADC_GetConversionResult		CODE           	1360	0000	184
		_configure_voltage_reference		CODE           	155A	0000	62
		_ADC_StartConversion		CODE           	166A	0000	34
		_ADC_SelectChannel		CODE           	160C	0000	56
		_ADC_Init      		CODE           	1418	0000	146
		_select_result_format		CODE           	15D2	0000	58

MCAL_Layer/ADC/adc.c estimated size: 856

shared
		__initialization		CODE           	1598	0000	44

shared estimated size: 44

application.c
		_main          		CODE           	150E	0000	76
		_application_intialize		CODE           	16F4	0000	10

application.c estimated size: 86

MCAL_Layer/Interrupt/Interrupt_manager.c
		_InterruptManager		CODE           	0008	0000	652

MCAL_Layer/Interrupt/Interrupt_manager.c estimated size: 652

