Microchip MPLAB XC8 Compiler V2.46

Linker command line:

-W-3 \
  --edf=C:\Program Files\Microchip\xc8\v2.46\pic\dat\20240104201356_en.msgs \
  --msgdisable=0 -cn -h+dist/default/debug\application.X.debug.sym \
  --cmf=dist/default/debug\application.X.debug.cmf -z -Q18F4620 \
  -oC:\Users\smart\AppData\Local\Temp\xcBs6ac.1\driver_tmp_3.o \
  --defsym=__MPLAB_BUILD=1 --fixupoverflow=error \
  -Mdist/default/debug/application.X.debug.map \
  --md=C:\Users\smart\AppData\Local\Temp\xcBs6ac.1\driver_tmp_0.dat -E1 \
  -ver=XC8 Compiler --acfsm=1493 -ACODE=00h-0FFFFh -ACONST=00h-0FFFFh \
  -ASMALLCONST=01000h-010FFhx240 -AMEDIUMCONST=01000h-0FFFFh \
  -ACOMRAM=01h-07Fh -AABS1=00h-0F7Fh -ABIGRAM=01h-0F7Fh \
  -ARAM=080h-0FFh,0100h-01FFhx14,0F00h-0F7Fh -ABANK0=080h-0FFh \
  -ABANK1=0100h-01FFh -ABANK2=0200h-02FFh -ABANK3=0300h-03FFh \
  -ABANK4=0400h-04FFh -ABANK5=0500h-05FFh -ABANK6=0600h-06FFh \
  -ABANK7=0700h-07FFh -ABANK8=0800h-08FFh -ABANK9=0900h-09FFh \
  -ABANK10=0A00h-0AFFh -ABANK11=0B00h-0BFFh -ABANK12=0C00h-0CFFh \
  -ABANK13=0D00h-0DFFh -ABANK14=0E00h-0EFFh -ABANK15=0F00h-0F7Fh \
  -ASFR=0F80h-0FFFh -ABIGSFR=0F80h-0FFFh -ACONFIG=0300000h-030000Dh \
  -AIDLOC=0200000h-0200007h -AEEDATA=0F00000h-0F003FFh -peeprom_data=EEDATA \
  -preset_vec=00h,intcode=8h,intcodelo,powerup,init -pramtop=01000h \
  -psmallconst=SMALLCONST -pmediumconst=MEDIUMCONST -pconst=CONST \
  -AFARRAM=00h-00h \
  -prdata=COMRAM,nvrram=COMRAM,nvbit=COMRAM,rbss=COMRAM,rbit=COMRAM \
  -pfarbss=FARRAM,fardata=FARRAM,nvFARRAM=FARRAM \
  -pintsave_regs=BIGRAM,bigbss=BIGRAM,bigdata=BIGRAM -pbss=RAM \
  -pidata=CODE,irdata=CODE,ibigdata=CODE,ifardata=CODE -prparam=COMRAM \
  C:\Users\smart\AppData\Local\Temp\xcBs6ac.1\driver_tmp_9.o \
  dist/default/debug\application.X.debug.o 

Object code version is 3.11

Machine type is 18F4620



                Name                               Link     Load   Length Selector   Space Scale
C:\Users\smart\AppData\Local\Temp\xcBs6ac.1\driver_tmp_9.o
                config                           300000   300000        E        0       4
                init                                  E        E        4        4       0
                reset_vec                             0        0        4        0       0
dist/default/debug\application.X.debug.o
                intcode                               8        8        6        4       0
                config                           300000   300000        E        0       4
                temp                                 5D       5D        1        1       1
                smallconst                         1000     1000        2      800       0
                text24                             146A     146A       82      801       0
                text23                             16AA     16AA       66      801       0
                text22                             194C     194C       30      C15       0
                text21                             191C     191C       30      C15       0
                text20                             18EC     18EC       30      C15       0
                text19                             18BC     18BC       30      C15       0
                text18                             188C     188C       30      C15       0
                text17                             185C     185C       30      C15       0
                intcode_body                       1340     1340       96      801       0
                text15                             15D6     15D6       6E      801       0
                text14                             1644     1644       66      801       0
                text13                             1002     1002      11C      801       0
                text12                             14EC     14EC       7A      801       0
                text11                             111E     111E      112      801       0
                text10                             197C     197C       28      C15       0
                text9                              19E4     19E4       20      C15       0
                text8                              19C4     19C4       20      C15       0
                text7                              19A4     19A4       20      C15       0
                text6                              13D6     13D6       94      801       0
                text5                              1768     1768       54      801       0
                text4                              1230     1230      110      801       0
                text3                              1710     1710       58      801       0
                text2                              1566     1566       70      801       0
                text1                              182A     182A       32      C15       0
                text0                              1A04     1A04        C      C15       0
                cstackCOMRAM                         34       34       1F        1       1
                dataCOMRAM                            1        1       33        1       1
                bssCOMRAM                            53       53        A        1       1
                cinit                              17BC     17BC       3A      801       0
                idataCOMRAM                        17F6     17F6       33      801       0

TOTAL           Name                               Link     Load   Length     Space
        CLASS   CODE           
                intcode                               8        8        6         0
                init                                  E        E        4         0
                reset_vec                             0        0        4         0
                text24                             146A     146A       82         0
                text23                             16AA     16AA       66         0
                text22                             194C     194C       30         0
                text21                             191C     191C       30         0
                text20                             18EC     18EC       30         0
                text19                             18BC     18BC       30         0
                text18                             188C     188C       30         0
                text17                             185C     185C       30         0
                intcode_body                       1340     1340       96         0
                text15                             15D6     15D6       6E         0
                text14                             1644     1644       66         0
                text13                             1002     1002      11C         0
                text12                             14EC     14EC       7A         0
                text11                             111E     111E      112         0
                text10                             197C     197C       28         0
                text9                              19E4     19E4       20         0
                text8                              19C4     19C4       20         0
                text7                              19A4     19A4       20         0
                text6                              13D6     13D6       94         0
                text5                              1768     1768       54         0
                text4                              1230     1230      110         0
                text3                              1710     1710       58         0
                text2                              1566     1566       70         0
                text1                              182A     182A       32         0
                text0                              1A04     1A04        C         0
                cinit                              17BC     17BC       3A         0
                idataCOMRAM                        17F6     17F6       33         0

        CLASS   CONST          

        CLASS   SMALLCONST     
                smallconst                         1000     1000        2         0

        CLASS   MEDIUMCONST    

        CLASS   COMRAM         
                temp                                 5D       5D        1         1
                cstackCOMRAM                         34       34       1F         1
                dataCOMRAM                            1        1       33         1
                bssCOMRAM                            53       53        A         1

        CLASS   ABS1           

        CLASS   BIGRAM         

        CLASS   RAM            

        CLASS   BANK0          

        CLASS   BANK1          

        CLASS   BANK2          

        CLASS   BANK3          

        CLASS   BANK4          

        CLASS   BANK5          

        CLASS   BANK6          

        CLASS   BANK7          

        CLASS   BANK8          

        CLASS   BANK9          

        CLASS   BANK10         

        CLASS   BANK11         

        CLASS   BANK12         

        CLASS   BANK13         

        CLASS   BANK14         

        CLASS   BANK15         

        CLASS   SFR            

        CLASS   BIGSFR         

        CLASS   CONFIG         
                config                           300000   300000        E         4

        CLASS   IDLOC          

        CLASS   EEDATA         

        CLASS   FARRAM         

        CLASS   HEAP           

        CLASS   STACK          



SEGMENTS        Name                           Load    Length   Top    Selector   Space  Class

                reset_vec                      000000  000004  000004         0       0  CODE    
                dataCOMRAM                     000001  00005D  00005E         1       1  COMRAM  
                intcode                        000008  00000A  000012         4       0  CODE    
                smallconst                     001000  000002  001002       800       0  SMALLCON
                text13                         001002  000827  001829       801       0  CODE    
                text1                          00182A  0001E6  001A10       C15       0  CODE    


UNUSED ADDRESS RANGES

        Name                Unused          Largest block    Delta
        BANK0            000080-0000FF               80
        BANK1            000100-0001FF              100
        BANK10           000A00-000AFF              100
        BANK11           000B00-000BFF              100
        BANK12           000C00-000CFF              100
        BANK13           000D00-000DFF              100
        BANK14           000E00-000EFF              100
        BANK15           000F00-000F7F               80
        BANK2            000200-0002FF              100
        BANK3            000300-0003FF              100
        BANK4            000400-0004FF              100
        BANK5            000500-0005FF              100
        BANK6            000600-0006FF              100
        BANK7            000700-0007FF              100
        BANK8            000800-0008FF              100
        BANK9            000900-0009FF              100
        BIGRAM           00005E-000F7F              F22
        BIGSFR           000F80-000FFF               80
        CODE             000004-000007                4
                         000012-000FFF              FEE
                         001829-001829                1
                         001A10-00FFFF             E5F0
        COMRAM           00005E-00007F               22
        CONST            000004-000007                4
                         000012-000FFF              FEE
                         001829-001829                1
                         001A10-00FFFF             E5F0
        EEDATA           F00000-F003FF              400
        IDLOC            200000-200007                8
        MEDIUMCONST      001829-001829                1
                         001A10-00FFFF             E5F0
        RAM              000080-000F7F              100
        SFR              000F80-000FFF               80
        SMALLCONST       001829-001829                1
                         001A10-00FFFF              100

                                  Symbol Table

INT0_SetInterruptHandler@InterruptHandler   cstackCOMRAM 000044
INT1_SetInterruptHandler@InterruptHandler   cstackCOMRAM 000044
INT2_SetInterruptHandler@InterruptHandler   cstackCOMRAM 000044
Int0_APP_ISR@i                              cstackCOMRAM 00003D
Int1_APP_ISR@i                              cstackCOMRAM 00003D
Int2_APP_ISR@i                              cstackCOMRAM 00003D
Interrupt_INTx_Clear_Flag@int_obj           cstackCOMRAM 000044
Interrupt_INTx_Clear_Flag@ret               cstackCOMRAM 000047
Interrupt_INTx_Disable@int_obj              cstackCOMRAM 000044
Interrupt_INTx_Edge_Init@int_obj            cstackCOMRAM 000044
Interrupt_INTx_Edge_Init@ret                cstackCOMRAM 000047
Interrupt_INTx_Enable@int_obj               cstackCOMRAM 000044
Interrupt_INTx_Enable@ret                   cstackCOMRAM 000047
Interrupt_INTx_Init@int_obj                 cstackCOMRAM 00004D
Interrupt_INTx_Init@ret                     cstackCOMRAM 00004E
Interrupt_INTx_Pin_Init@int_obj             cstackCOMRAM 00004B
Interrupt_INTx_Pin_Init@ret                 cstackCOMRAM 00004C
Interrupt_INTx_SetInterruptHandler@int_obj  cstackCOMRAM 000046
_INT0_ISR                                   text19       0018BC
_INT0_InterruptHandler                      bssCOMRAM    000057
_INT0_SetInterruptHandler                   text9        0019E4
_INT1_ISR                                   text18       00188C
_INT1_InterruptHandler                      bssCOMRAM    000055
_INT1_SetInterruptHandler                   text8        0019C4
_INT2_ISR                                   text17       00185C
_INT2_InterruptHandler                      bssCOMRAM    000053
_INT2_SetInterruptHandler                   text7        0019A4
_INTCON2bits                                (abs)        000FF1
_INTCON3bits                                (abs)        000FF0
_INTCONbits                                 (abs)        000FF2
_Int0_APP_ISR                               text21       00191C
_Int1_APP_ISR                               text20       0018EC
_Int2_APP_ISR                               text22       00194C
_InterruptManager                           intcode      000008
_Interrupt_INTx_Clear_Flag                  text15       0015D6
_Interrupt_INTx_Disable                     text14       001644
_Interrupt_INTx_Edge_Init                   text13       001002
_Interrupt_INTx_Enable                      text12       0014EC
_Interrupt_INTx_Init                        text5        001768
_Interrupt_INTx_Pin_Init                    text10       00197C
_Interrupt_INTx_SetInterruptHandler         text6        0013D6
_LATA                                       (abs)        000F89
_LATB                                       (abs)        000F8A
_LATC                                       (abs)        000F8B
_LATD                                       (abs)        000F8C
_LATE                                       (abs)        000F8D
_PORTA                                      (abs)        000F80
_PORTB                                      (abs)        000F81
_PORTC                                      (abs)        000F82
_PORTD                                      (abs)        000F83
_PORTE                                      (abs)        000F84
_TRISA                                      (abs)        000F92
_TRISB                                      (abs)        000F93
_TRISC                                      (abs)        000F94
_TRISD                                      (abs)        000F95
_TRISE                                      (abs)        000F96
__HRAM                                      (abs)        000000
__H__absolute__                             __absolute__ 000000
__Habs1                                     abs1         000000
__Hbank0                                    bank0        000000
__Hbank1                                    bank1        000000
__Hbank10                                   bank10       000000
__Hbank11                                   bank11       000000
__Hbank12                                   bank12       000000
__Hbank13                                   bank13       000000
__Hbank14                                   bank14       000000
__Hbank15                                   bank15       000000
__Hbank2                                    bank2        000000
__Hbank3                                    bank3        000000
__Hbank4                                    bank4        000000
__Hbank5                                    bank5        000000
__Hbank6                                    bank6        000000
__Hbank7                                    bank7        000000
__Hbank8                                    bank8        000000
__Hbank9                                    bank9        000000
__Hbigbss                                   bigbss       000000
__Hbigdata                                  bigdata      000000
__Hbigram                                   bigram       000000
__Hbigsfr                                   bigsfr       000000
__Hbss                                      bss          000000
__HbssCOMRAM                                bssCOMRAM    000000
__Hcinit                                    cinit        000000
__Hclrtext                                  clrtext      000000
__Hcomram                                   comram       000000
__Hconfig                                   config       30000E
__Hconst                                    const        000000
__HcstackCOMRAM                             cstackCOMRAM 000000
__Hdata                                     data         000000
__HdataCOMRAM                               dataCOMRAM   000000
__Heeprom_data                              eeprom_data  000000
__Hfarbss                                   farbss       000000
__Hfardata                                  fardata      000000
__Hheap                                     heap         000000
__Hibigdata                                 ibigdata     000000
__Hidata                                    idata        000000
__HidataCOMRAM                              idataCOMRAM  000000
__Hidloc                                    idloc        000000
__Hifardata                                 ifardata     000000
__Hinit                                     init         000012
__Hintcode                                  intcode      00000E
__Hintcode_body                             intcode_body 000000
__Hintcodelo                                intcodelo    00000E
__Hintentry                                 intentry     000000
__Hintret                                   intret       000000
__Hintsave_regs                             intsave_regs 000000
__Hirdata                                   irdata       000000
__Hmediumconst                              mediumconst  000000
__HnvFARRAM                                 nvFARRAM     000000
__Hnvbit                                    nvbit        000000
__Hnvrram                                   nvrram       000000
__Hparam                                    rparam       000000
__Hpowerup                                  powerup      00000E
__Hram                                      ram          000000
__Hramtop                                   ramtop       001000
__Hrbit                                     rbit         000000
__Hrbss                                     rbss         000000
__Hrdata                                    rdata        000000
__Hreset_vec                                reset_vec    000004
__Hrparam                                   rparam       000000
__Hsfr                                      sfr          000000
__Hsivt_hi                                  sivt_hi      000000
__Hsivt_lo                                  sivt_lo      000000
__Hsmallconst                               smallconst   001002
__Hspace_0                                  (abs)        001A10
__Hspace_1                                  (abs)        00005E
__Hspace_2                                  (abs)        000000
__Hspace_4                                  (abs)        60000E
__Hstack                                    stack        000000
__Hstruct                                   struct       000000
__Htemp                                     temp         00005E
__Htext                                     text         000000
__Htext0                                    text0        000000
__Htext1                                    text1        000000
__Htext10                                   text10       000000
__Htext11                                   text11       000000
__Htext12                                   text12       000000
__Htext13                                   text13       000000
__Htext14                                   text14       000000
__Htext15                                   text15       000000
__Htext17                                   text17       000000
__Htext18                                   text18       000000
__Htext19                                   text19       000000
__Htext2                                    text2        000000
__Htext20                                   text20       000000
__Htext21                                   text21       000000
__Htext22                                   text22       000000
__Htext23                                   text23       000000
__Htext24                                   text24       000000
__Htext3                                    text3        000000
__Htext4                                    text4        000000
__Htext5                                    text5        000000
__Htext6                                    text6        000000
__Htext7                                    text7        000000
__Htext8                                    text8        000000
__Htext9                                    text9        000000
__LRAM                                      (abs)        000001
__L__absolute__                             __absolute__ 000000
__Labs1                                     abs1         000000
__Lbank0                                    bank0        000000
__Lbank1                                    bank1        000000
__Lbank10                                   bank10       000000
__Lbank11                                   bank11       000000
__Lbank12                                   bank12       000000
__Lbank13                                   bank13       000000
__Lbank14                                   bank14       000000
__Lbank15                                   bank15       000000
__Lbank2                                    bank2        000000
__Lbank3                                    bank3        000000
__Lbank4                                    bank4        000000
__Lbank5                                    bank5        000000
__Lbank6                                    bank6        000000
__Lbank7                                    bank7        000000
__Lbank8                                    bank8        000000
__Lbank9                                    bank9        000000
__Lbigbss                                   bigbss       000000
__Lbigdata                                  bigdata      000000
__Lbigram                                   bigram       000000
__Lbigsfr                                   bigsfr       000000
__Lbss                                      bss          000000
__LbssCOMRAM                                bssCOMRAM    000000
__Lcinit                                    cinit        000000
__Lclrtext                                  clrtext      000000
__Lcomram                                   comram       000000
__Lconfig                                   config       000000
__Lconst                                    const        000000
__LcstackCOMRAM                             cstackCOMRAM 000000
__Ldata                                     data         000000
__LdataCOMRAM                               dataCOMRAM   000000
__Leeprom_data                              eeprom_data  000000
__Lfarbss                                   farbss       000000
__Lfardata                                  fardata      000000
__Lheap                                     heap         000000
__Libigdata                                 ibigdata     000000
__Lidata                                    idata        000000
__LidataCOMRAM                              idataCOMRAM  000000
__Lidloc                                    idloc        000000
__Lifardata                                 ifardata     000000
__Linit                                     init         00000E
__Lintcode                                  intcode      000008
__Lintcode_body                             intcode_body 000000
__Lintcodelo                                intcodelo    00000E
__Lintentry                                 intentry     000000
__Lintret                                   intret       000000
__Lintsave_regs                             intsave_regs 000000
__Lirdata                                   irdata       000000
__Lmediumconst                              mediumconst  000000
__LnvFARRAM                                 nvFARRAM     000000
__Lnvbit                                    nvbit        000000
__Lnvrram                                   nvrram       000000
__Lparam                                    rparam       000000
__Lpowerup                                  powerup      00000E
__Lram                                      ram          000000
__Lramtop                                   ramtop       001000
__Lrbit                                     rbit         000000
__Lrbss                                     rbss         000000
__Lrdata                                    rdata        000000
__Lreset_vec                                reset_vec    000000
__Lrparam                                   rparam       000000
__Lsfr                                      sfr          000000
__Lsivt_hi                                  sivt_hi      000000
__Lsivt_lo                                  sivt_lo      000000
__Lsmallconst                               smallconst   001000
__Lspace_0                                  (abs)        000000
__Lspace_1                                  (abs)        000000
__Lspace_2                                  (abs)        000000
__Lspace_4                                  (abs)        000000
__Lstack                                    stack        000000
__Lstruct                                   struct       000000
__Ltemp                                     temp         00005D
__Ltext                                     text         000000
__Ltext0                                    text0        000000
__Ltext1                                    text1        000000
__Ltext10                                   text10       000000
__Ltext11                                   text11       000000
__Ltext12                                   text12       000000
__Ltext13                                   text13       000000
__Ltext14                                   text14       000000
__Ltext15                                   text15       000000
__Ltext17                                   text17       000000
__Ltext18                                   text18       000000
__Ltext19                                   text19       000000
__Ltext2                                    text2        000000
__Ltext20                                   text20       000000
__Ltext21                                   text21       000000
__Ltext22                                   text22       000000
__Ltext23                                   text23       000000
__Ltext24                                   text24       000000
__Ltext3                                    text3        000000
__Ltext4                                    text4        000000
__Ltext5                                    text5        000000
__Ltext6                                    text6        000000
__Ltext7                                    text7        000000
__Ltext8                                    text8        000000
__Ltext9                                    text9        000000
__S0                                        (abs)        001A10
__S1                                        (abs)        00005E
__S4                                        (abs)        000000
__S5                                        (abs)        000000
___heap_hi                                  (abs)        000000
___heap_lo                                  (abs)        000000
___inthi_sp                                 stack        000000
___inthi_stack_hi                           stack        000000
___inthi_stack_lo                           stack        000000
___intlo_sp                                 stack        000000
___intlo_stack_hi                           stack        000000
___intlo_stack_lo                           stack        000000
___param_bank                               (abs)        000000
___rparam_used                              (abs)        000001
___sp                                       stack        000000
___stack_hi                                 stack        000000
___stack_lo                                 stack        000000
__accesstop                                 (abs)        000080
__activetblptr                              (abs)        000002
__end_of_INT0_ISR                           text19       0018EC
__end_of_INT0_SetInterruptHandler           text9        001A04
__end_of_INT1_ISR                           text18       0018BC
__end_of_INT1_SetInterruptHandler           text8        0019E4
__end_of_INT2_ISR                           text17       00188C
__end_of_INT2_SetInterruptHandler           text7        0019C4
__end_of_Int0_APP_ISR                       text21       00194C
__end_of_Int1_APP_ISR                       text20       00191C
__end_of_Int2_APP_ISR                       text22       00197C
__end_of_InterruptManager                   intcode_body 0013D6
__end_of_Interrupt_INTx_Clear_Flag          text15       001644
__end_of_Interrupt_INTx_Disable             text14       0016AA
__end_of_Interrupt_INTx_Edge_Init           text13       00111E
__end_of_Interrupt_INTx_Enable              text12       001566
__end_of_Interrupt_INTx_Init                text5        0017BC
__end_of_Interrupt_INTx_Pin_Init            text10       0019A4
__end_of_Interrupt_INTx_SetInterruptHandler text6        00146A
__end_of__initialization                    cinit        0017E8
__end_of_application_intialize              text1        00185C
__end_of_gpio_pin_direction_intialize       text11       001230
__end_of_gpio_pin_intialize                 text3        001768
__end_of_gpio_pin_toggle_logic              text24       0014EC
__end_of_gpio_pin_write_logic               text4        001340
__end_of_led_intialize                      text2        0015D6
__end_of_led_turn_toggle                    text23       001710
__end_of_main                               text0        001A10
__initialization                            cinit        0017BC
__mediumconst                               mediumconst  000000
__pbssCOMRAM                                bssCOMRAM    000053
__pcinit                                    cinit        0017BC
__pcstackCOMRAM                             cstackCOMRAM 000034
__pdataCOMRAM                               dataCOMRAM   000001
__pidataCOMRAM                              idataCOMRAM  0017F6
__pintcode                                  intcode      000008
__pintcode_body                             intcode_body 001340
__psmallconst                               smallconst   001000
__ptext0                                    text0        001A04
__ptext1                                    text1        00182A
__ptext10                                   text10       00197C
__ptext11                                   text11       00111E
__ptext12                                   text12       0014EC
__ptext13                                   text13       001002
__ptext14                                   text14       001644
__ptext15                                   text15       0015D6
__ptext17                                   text17       00185C
__ptext18                                   text18       00188C
__ptext19                                   text19       0018BC
__ptext2                                    text2        001566
__ptext20                                   text20       0018EC
__ptext21                                   text21       00191C
__ptext22                                   text22       00194C
__ptext23                                   text23       0016AA
__ptext24                                   text24       00146A
__ptext3                                    text3        001710
__ptext4                                    text4        001230
__ptext5                                    text5        001768
__ptext6                                    text6        0013D6
__ptext7                                    text7        0019A4
__ptext8                                    text8        0019C4
__ptext9                                    text9        0019E4
__ramtop                                    ramtop       001000
__smallconst                                smallconst   001000
_application_intialize                      text1        00182A
_gpio_pin_direction_intialize               text11       00111E
_gpio_pin_intialize                         text3        001710
_gpio_pin_toggle_logic                      text24       00146A
_gpio_pin_write_logic                       text4        001230
_int0_obj                                   dataCOMRAM   00002B
_int1_obj                                   dataCOMRAM   000025
_int2_obj                                   dataCOMRAM   00001F
_lat_registers                              dataCOMRAM   00000B
_led0                                       dataCOMRAM   000033
_led1                                       dataCOMRAM   000032
_led2                                       dataCOMRAM   000031
_led_intialize                              text2        001566
_led_turn_toggle                            text23       0016AA
_main                                       text0        001A04
_port_registers                             dataCOMRAM   000001
_tris_registers                             dataCOMRAM   000015
btemp                                       temp         00005D
end_of_initialization                       cinit        0017E8
gpio_pin_direction_intialize@_pin_config    cstackCOMRAM 000044
gpio_pin_direction_intialize@ret            cstackCOMRAM 00004A
gpio_pin_intialize@_pin_config              cstackCOMRAM 00004C
gpio_pin_intialize@ret                      cstackCOMRAM 00004E
gpio_pin_toggle_logic@_pin_config           cstackCOMRAM 000034
gpio_pin_write_logic@_pin_config            cstackCOMRAM 000044
gpio_pin_write_logic@logic                  cstackCOMRAM 000045
gpio_pin_write_logic@ret                    cstackCOMRAM 00004B
int$flags                                   temp         00005D
int_func                                    intcode_body 001340
intlevel0                                   text         000000
intlevel1                                   text         000000
intlevel2                                   text         000000
intlevel3                                   text         000000
isa$std                                     (abs)        000001
isa$xinst                                   (abs)        000000
led_intialize@F3062                         bssCOMRAM    00005C
led_intialize@led                           cstackCOMRAM 00004F
led_intialize@pin_obj                       cstackCOMRAM 000052
led_intialize@ret                           cstackCOMRAM 000051
led_turn_off@F3072                          bssCOMRAM    00005A
led_turn_on@F3067                           bssCOMRAM    00005B
led_turn_toggle@F3077                       bssCOMRAM    000059
led_turn_toggle@led                         cstackCOMRAM 000039
led_turn_toggle@pin_obj                     cstackCOMRAM 00003B
stackhi                                     (abs)        000000
stacklo                                     (abs)        000000
start                                       init         00000E
start_initialization                        cinit        0017BC
ttemp5                                      temp         00005E
ttemp6                                      temp         000061
ttemp7                                      temp         000065
wtemp8                                      temp         00005E


MODULE INFORMATION

Module		Function		Class		Link	Load	Size
MCAL_Layer/Interrupt/External_Interrupt.c
		_INT0_SetInterruptHandler		CODE           	19E4	0000	32
		_Interrupt_INTx_Clear_Flag		CODE           	15D6	0000	110
		_Interrupt_INTx_SetInterruptHandler		CODE           	13D6	0000	148
		_INT1_SetInterruptHandler		CODE           	19C4	0000	32
		_Interrupt_INTx_Enable		CODE           	14EC	0000	122
		_INT2_SetInterruptHandler		CODE           	19A4	0000	32
		_Interrupt_INTx_Edge_Init		CODE           	1002	0000	284
		_Interrupt_INTx_Init		CODE           	1768	0000	84
		_Interrupt_INTx_Disable		CODE           	1644	0000	102
		_INT0_ISR      		CODE           	18BC	0000	48
		_Interrupt_INTx_Pin_Init		CODE           	197C	0000	40
		_INT1_ISR      		CODE           	188C	0000	48
		_INT2_ISR      		CODE           	185C	0000	48

MCAL_Layer/Interrupt/External_Interrupt.c estimated size: 1130

shared
		__initialization		CODE           	17BC	0000	44

shared estimated size: 44

ECU_Layer/led/led.c
		_led_turn_toggle		CODE           	16AA	0000	102
		_led_intialize 		CODE           	1566	0000	112

ECU_Layer/led/led.c estimated size: 214

MCAL_Layer/GPIO/hal_gpio.c
		_gpio_pin_write_logic		CODE           	1230	0000	272
		_gpio_pin_intialize		CODE           	1710	0000	88
		_gpio_pin_direction_intialize		CODE           	111E	0000	274
		_gpio_pin_toggle_logic		CODE           	146A	0000	130

MCAL_Layer/GPIO/hal_gpio.c estimated size: 764

application.c
		_Int0_APP_ISR  		CODE           	191C	0000	48
		_Int1_APP_ISR  		CODE           	18EC	0000	48
		_Int2_APP_ISR  		CODE           	194C	0000	48
		_main          		CODE           	1A04	0000	12
		_application_intialize		CODE           	182A	0000	50

application.c estimated size: 206

MCAL_Layer/Interrupt/Interrupt_manager.c
		_InterruptManager		CODE           	0008	0000	156

MCAL_Layer/Interrupt/Interrupt_manager.c estimated size: 156

