Microchip MPLAB XC8 Compiler V2.46

Linker command line:

-W-3 \
  --edf=C:\Program Files\Microchip\xc8\v2.46\pic\dat\20240104201356_en.msgs \
  --msgdisable=0 -cn -h+dist/default/debug\application.X.debug.sym \
  --cmf=dist/default/debug\application.X.debug.cmf -z -Q18F4620 \
  -oC:\Users\smart\AppData\Local\Temp\xcAsee0.\driver_tmp_3.o \
  --defsym=__MPLAB_BUILD=1 --fixupoverflow=error \
  -Mdist/default/debug/application.X.debug.map \
  --md=C:\Users\smart\AppData\Local\Temp\xcAsee0.\driver_tmp_0.dat -E1 \
  -ver=XC8 Compiler --acfsm=1493 -ACODE=00h-0FFFFh -ACONST=00h-0FFFFh \
  -ASMALLCONST=01000h-010FFhx240 -AMEDIUMCONST=01000h-0FFFFh \
  -ACOMRAM=01h-07Fh -AABS1=00h-0F7Fh -ABIGRAM=01h-0F7Fh \
  -ARAM=080h-0FFh,0100h-01FFhx14,0F00h-0F7Fh -ABANK0=080h-0FFh \
  -ABANK1=0100h-01FFh -ABANK2=0200h-02FFh -ABANK3=0300h-03FFh \
  -ABANK4=0400h-04FFh -ABANK5=0500h-05FFh -ABANK6=0600h-06FFh \
  -ABANK7=0700h-07FFh -ABANK8=0800h-08FFh -ABANK9=0900h-09FFh \
  -ABANK10=0A00h-0AFFh -ABANK11=0B00h-0BFFh -ABANK12=0C00h-0CFFh \
  -ABANK13=0D00h-0DFFh -ABANK14=0E00h-0EFFh -ABANK15=0F00h-0F7Fh \
  -ASFR=0F80h-0FFFh -ABIGSFR=0F80h-0FFFh -ACONFIG=0300000h-030000Dh \
  -AIDLOC=0200000h-0200007h -AEEDATA=0F00000h-0F003FFh -peeprom_data=EEDATA \
  -preset_vec=00h,intcode=8h,intcodelo=18h,powerup,init -pramtop=01000h \
  -psmallconst=SMALLCONST -pmediumconst=MEDIUMCONST -pconst=CONST \
  -AFARRAM=00h-00h \
  -prdata=COMRAM,nvrram=COMRAM,nvbit=COMRAM,rbss=COMRAM,rbit=COMRAM \
  -pfarbss=FARRAM,fardata=FARRAM,nvFARRAM=FARRAM \
  -pintsave_regs=BIGRAM,bigbss=BIGRAM,bigdata=BIGRAM -pbss=RAM \
  -pidata=CODE,irdata=CODE,ibigdata=CODE,ifardata=CODE -prparam=COMRAM \
  C:\Users\smart\AppData\Local\Temp\xcAsee0.\driver_tmp_9.o \
  dist/default/debug\application.X.debug.o 

Object code version is 3.11

Machine type is 18F4620



                Name                               Link     Load   Length Selector   Space Scale
C:\Users\smart\AppData\Local\Temp\xcAsee0.\driver_tmp_9.o
                config                           300000   300000        E        0       4
                init                                 86       86        4        C       0
                reset_vec                             0        0        4        0       0
dist/default/debug\application.X.debug.o
                intcodelo                            18       18       6E        C       0
                intcode                               8        8        6        4       0
                config                           300000   300000        E        0       4
                temp                                 61       61        1        1       1
                smallconst                         1000     1000        2      800       0
                text31                             1628     1628       82      801       0
                text30                             193E     193E       66      801       0
                text29                             1C4C     1C4C       30      DAE       0
                text28                             1C1C     1C1C       30      DAE       0
                text27                             1BEC     1BEC       30      DAE       0
                text26                             1BBC     1BBC       30      DAE       0
                text25                             1B8C     1B8C       30      DAE       0
                intcode_body                       1720     1720       76      801       0
                text23                             15A6     15A6       82      801       0
                text22                             18D8     18D8       66      801       0
                text21                             1AEE     1AEE       3A      801       0
                text20                             1AB4     1AB4       3A      801       0
                text19                             1A7A     1A7A       3A      801       0
                text18                             1B5C     1B5C       30      DAE       0
                text16                             1796     1796       70      801       0
                text15                             1870     1870       68      801       0
                text14                             1002     1002      11E      801       0
                text13                             134E     134E       F0      801       0
                text12                             1120     1120      118      801       0
                text11                             1C7C     1C7C       2C      DAE       0
                text10                             143E     143E       D2      801       0
                text9                              1CEC     1CEC       22      DAE       0
                text8                              1CCA     1CCA       22      DAE       0
                text7                              1CA8     1CA8       22      DAE       0
                text6                              1510     1510       96      801       0
                text5                              1806     1806       6A      801       0
                text4                              1238     1238      116      801       0
                text3                              19A4     19A4       5E      801       0
                text2                              16AA     16AA       76      801       0
                text1                              1A02     1A02       3E      801       0
                text0                              1D0E     1D0E        C      DAE       0
                cstackCOMRAM                         34       34       23        1       1
                cstackBANK0                          80       80        F       80       1
                dataCOMRAM                            1        1       33        1       1
                bssCOMRAM                            57       57        A        1       1
                cinit                              1A40     1A40       3A      801       0
                idataCOMRAM                        1B28     1B28       33      801       0

TOTAL           Name                               Link     Load   Length     Space
        CLASS   CODE           
                intcodelo                            18       18       6E         0
                intcode                               8        8        6         0
                init                                 86       86        4         0
                reset_vec                             0        0        4         0
                text31                             1628     1628       82         0
                text30                             193E     193E       66         0
                text29                             1C4C     1C4C       30         0
                text28                             1C1C     1C1C       30         0
                text27                             1BEC     1BEC       30         0
                text26                             1BBC     1BBC       30         0
                text25                             1B8C     1B8C       30         0
                intcode_body                       1720     1720       76         0
                text23                             15A6     15A6       82         0
                text22                             18D8     18D8       66         0
                text21                             1AEE     1AEE       3A         0
                text20                             1AB4     1AB4       3A         0
                text19                             1A7A     1A7A       3A         0
                text18                             1B5C     1B5C       30         0
                text16                             1796     1796       70         0
                text15                             1870     1870       68         0
                text14                             1002     1002      11E         0
                text13                             134E     134E       F0         0
                text12                             1120     1120      118         0
                text11                             1C7C     1C7C       2C         0
                text10                             143E     143E       D2         0
                text9                              1CEC     1CEC       22         0
                text8                              1CCA     1CCA       22         0
                text7                              1CA8     1CA8       22         0
                text6                              1510     1510       96         0
                text5                              1806     1806       6A         0
                text4                              1238     1238      116         0
                text3                              19A4     19A4       5E         0
                text2                              16AA     16AA       76         0
                text1                              1A02     1A02       3E         0
                text0                              1D0E     1D0E        C         0
                cinit                              1A40     1A40       3A         0
                idataCOMRAM                        1B28     1B28       33         0

        CLASS   CONST          

        CLASS   SMALLCONST     
                smallconst                         1000     1000        2         0

        CLASS   MEDIUMCONST    

        CLASS   COMRAM         
                temp                                 61       61        1         1
                cstackCOMRAM                         34       34       23         1
                dataCOMRAM                            1        1       33         1
                bssCOMRAM                            57       57        A         1

        CLASS   ABS1           

        CLASS   BIGRAM         

        CLASS   RAM            

        CLASS   BANK0          
                cstackBANK0                          80       80        F         1

        CLASS   BANK1          

        CLASS   BANK2          

        CLASS   BANK3          

        CLASS   BANK4          

        CLASS   BANK5          

        CLASS   BANK6          

        CLASS   BANK7          

        CLASS   BANK8          

        CLASS   BANK9          

        CLASS   BANK10         

        CLASS   BANK11         

        CLASS   BANK12         

        CLASS   BANK13         

        CLASS   BANK14         

        CLASS   BANK15         

        CLASS   SFR            

        CLASS   BIGSFR         

        CLASS   CONFIG         
                config                           300000   300000        E         4

        CLASS   IDLOC          

        CLASS   EEDATA         

        CLASS   FARRAM         

        CLASS   HEAP           

        CLASS   STACK          



SEGMENTS        Name                           Load    Length   Top    Selector   Space  Class

                reset_vec                      000000  000004  000004         0       0  CODE    
                dataCOMRAM                     000001  000061  000062         1       1  COMRAM  
                intcode                        000008  000006  00000E         4       0  CODE    
                intcodelo                      000018  000072  00008A         C       0  CODE    
                cstackBANK0                    000080  00000F  00008F        80       1  BANK0   
                smallconst                     001000  000002  001002       800       0  SMALLCON
                text14                         001002  000B59  001B5B       801       0  CODE    
                text18                         001B5C  0001BE  001D1A       DAE       0  CODE    


UNUSED ADDRESS RANGES

        Name                Unused          Largest block    Delta
        BANK0            00008F-0000FF               71
        BANK1            000100-0001FF              100
        BANK10           000A00-000AFF              100
        BANK11           000B00-000BFF              100
        BANK12           000C00-000CFF              100
        BANK13           000D00-000DFF              100
        BANK14           000E00-000EFF              100
        BANK15           000F00-000F7F               80
        BANK2            000200-0002FF              100
        BANK3            000300-0003FF              100
        BANK4            000400-0004FF              100
        BANK5            000500-0005FF              100
        BANK6            000600-0006FF              100
        BANK7            000700-0007FF              100
        BANK8            000800-0008FF              100
        BANK9            000900-0009FF              100
        BIGRAM           000062-00007F               1E
                         00008F-000F7F              EF1
        BIGSFR           000F80-000FFF               80
        CODE             000004-000007                4
                         00000E-000017                A
                         00008A-000FFF              F76
                         001B5B-001B5B                1
                         001D1A-00FFFF             E2E6
        COMRAM           000062-00007F               1E
        CONST            000004-000007                4
                         00000E-000017                A
                         00008A-000FFF              F76
                         001B5B-001B5B                1
                         001D1A-00FFFF             E2E6
        EEDATA           F00000-F003FF              400
        IDLOC            200000-200007                8
        MEDIUMCONST      001B5B-001B5B                1
                         001D1A-00FFFF             E2E6
        RAM              00008F-000F7F              100
        SFR              000F80-000FFF               80
        SMALLCONST       001B5B-001B5B                1
                         001D1A-00FFFF              100

                                  Symbol Table

INT0_SetInterruptHandler@InterruptHandler   cstackBANK0  000080
INT1_SetInterruptHandler@InterruptHandler   cstackBANK0  000080
INT2_SetInterruptHandler@InterruptHandler   cstackBANK0  000080
Int0_APP_ISR@i                              cstackCOMRAM 00004D
Int1_APP_ISR@i                              cstackCOMRAM 00004D
Int2_APP_ISR@i                              cstackCOMRAM 00004D
Interrupt_INTx_Clear_Flag@int_obj           cstackBANK0  000080
Interrupt_INTx_Clear_Flag@ret               cstackBANK0  000083
Interrupt_INTx_Disable@int_obj              cstackBANK0  000080
Interrupt_INTx_Edge_Init@int_obj            cstackBANK0  000080
Interrupt_INTx_Edge_Init@ret                cstackBANK0  000083
Interrupt_INTx_Enable@int_obj               cstackBANK0  000080
Interrupt_INTx_Enable@ret                   cstackBANK0  000083
Interrupt_INTx_Init@int_obj                 cstackBANK0  000089
Interrupt_INTx_Init@ret                     cstackBANK0  00008A
Interrupt_INTx_Pin_Init@int_obj             cstackBANK0  000087
Interrupt_INTx_Pin_Init@ret                 cstackBANK0  000088
Interrupt_INTx_Priority_Init@int_obj        cstackBANK0  000080
Interrupt_INTx_SetInterruptHandler@int_obj  cstackBANK0  000082
_INT0_ISR                                   text26       001BBC
_INT0_InterruptHandler                      bssCOMRAM    00005B
_INT0_SetInterruptHandler                   text9        001CEC
_INT1_ISR                                   text18       001B5C
_INT1_InterruptHandler                      bssCOMRAM    000059
_INT1_SetInterruptHandler                   text8        001CCA
_INT2_ISR                                   text25       001B8C
_INT2_InterruptHandler                      bssCOMRAM    000057
_INT2_SetInterruptHandler                   text7        001CA8
_INTCON2bits                                (abs)        000FF1
_INTCON3bits                                (abs)        000FF0
_INTCONbits                                 (abs)        000FF2
_Int0_APP_ISR                               text20       001AB4
_Int0_APP_ISR$intlevel1                     text20       001ABE
_Int1_APP_ISR                               text19       001A7A
_Int1_APP_ISR$intlevel1                     text19       001A84
_Int2_APP_ISR                               text21       001AEE
_Int2_APP_ISR$intlevel1                     text21       001AF8
_InterruptManagerHigh                       intcode      000008
_InterruptManagerLow                        intcodelo    000018
_Interrupt_INTx_Clear_Flag                  text16       001796
_Interrupt_INTx_Disable                     text15       001870
_Interrupt_INTx_Edge_Init                   text14       001002
_Interrupt_INTx_Enable                      text13       00134E
_Interrupt_INTx_Init                        text5        001806
_Interrupt_INTx_Pin_Init                    text11       001C7C
_Interrupt_INTx_Priority_Init               text10       00143E
_Interrupt_INTx_SetInterruptHandler         text6        001510
_LATA                                       (abs)        000F89
_LATB                                       (abs)        000F8A
_LATC                                       (abs)        000F8B
_LATD                                       (abs)        000F8C
_LATE                                       (abs)        000F8D
_PORTA                                      (abs)        000F80
_PORTB                                      (abs)        000F81
_PORTC                                      (abs)        000F82
_PORTD                                      (abs)        000F83
_PORTE                                      (abs)        000F84
_RCONbits                                   (abs)        000FD0
_TRISA                                      (abs)        000F92
_TRISB                                      (abs)        000F93
_TRISC                                      (abs)        000F94
_TRISD                                      (abs)        000F95
_TRISE                                      (abs)        000F96
__HRAM                                      (abs)        000000
__H__absolute__                             __absolute__ 000000
__Habs1                                     abs1         000000
__Hbank0                                    bank0        000000
__Hbank1                                    bank1        000000
__Hbank10                                   bank10       000000
__Hbank11                                   bank11       000000
__Hbank12                                   bank12       000000
__Hbank13                                   bank13       000000
__Hbank14                                   bank14       000000
__Hbank15                                   bank15       000000
__Hbank2                                    bank2        000000
__Hbank3                                    bank3        000000
__Hbank4                                    bank4        000000
__Hbank5                                    bank5        000000
__Hbank6                                    bank6        000000
__Hbank7                                    bank7        000000
__Hbank8                                    bank8        000000
__Hbank9                                    bank9        000000
__Hbigbss                                   bigbss       000000
__Hbigdata                                  bigdata      000000
__Hbigram                                   bigram       000000
__Hbigsfr                                   bigsfr       000000
__Hbss                                      bss          000000
__HbssCOMRAM                                bssCOMRAM    000000
__Hcinit                                    cinit        000000
__Hclrtext                                  clrtext      000000
__Hcomram                                   comram       000000
__Hconfig                                   config       30000E
__Hconst                                    const        000000
__HcstackBANK0                              cstackBANK0  000000
__HcstackCOMRAM                             cstackCOMRAM 000000
__Hdata                                     data         000000
__HdataCOMRAM                               dataCOMRAM   000000
__Heeprom_data                              eeprom_data  000000
__Hfarbss                                   farbss       000000
__Hfardata                                  fardata      000000
__Hheap                                     heap         000000
__Hibigdata                                 ibigdata     000000
__Hidata                                    idata        000000
__HidataCOMRAM                              idataCOMRAM  000000
__Hidloc                                    idloc        000000
__Hifardata                                 ifardata     000000
__Hinit                                     init         00008A
__Hintcode                                  intcode      00000E
__Hintcode_body                             intcode_body 000000
__Hintcodelo                                intcodelo    000086
__Hintentry                                 intentry     000000
__Hintret                                   intret       000000
__Hintsave_regs                             intsave_regs 000000
__Hirdata                                   irdata       000000
__Hmediumconst                              mediumconst  000000
__HnvFARRAM                                 nvFARRAM     000000
__Hnvbit                                    nvbit        000000
__Hnvrram                                   nvrram       000000
__Hparam                                    rparam       000000
__Hpowerup                                  powerup      000086
__Hram                                      ram          000000
__Hramtop                                   ramtop       001000
__Hrbit                                     rbit         000000
__Hrbss                                     rbss         000000
__Hrdata                                    rdata        000000
__Hreset_vec                                reset_vec    000004
__Hrparam                                   rparam       000000
__Hsfr                                      sfr          000000
__Hsivt_hi                                  sivt_hi      000000
__Hsivt_lo                                  sivt_lo      000000
__Hsmallconst                               smallconst   001002
__Hspace_0                                  (abs)        001D1A
__Hspace_1                                  (abs)        00008F
__Hspace_2                                  (abs)        000000
__Hspace_4                                  (abs)        60000E
__Hstack                                    stack        000000
__Hstruct                                   struct       000000
__Htemp                                     temp         000062
__Htext                                     text         000000
__Htext0                                    text0        000000
__Htext1                                    text1        000000
__Htext10                                   text10       000000
__Htext11                                   text11       000000
__Htext12                                   text12       000000
__Htext13                                   text13       000000
__Htext14                                   text14       000000
__Htext15                                   text15       000000
__Htext16                                   text16       000000
__Htext18                                   text18       000000
__Htext19                                   text19       000000
__Htext2                                    text2        000000
__Htext20                                   text20       000000
__Htext21                                   text21       000000
__Htext22                                   text22       000000
__Htext23                                   text23       000000
__Htext25                                   text25       000000
__Htext26                                   text26       000000
__Htext27                                   text27       000000
__Htext28                                   text28       000000
__Htext29                                   text29       000000
__Htext3                                    text3        000000
__Htext30                                   text30       000000
__Htext31                                   text31       000000
__Htext4                                    text4        000000
__Htext5                                    text5        000000
__Htext6                                    text6        000000
__Htext7                                    text7        000000
__Htext8                                    text8        000000
__Htext9                                    text9        000000
__LRAM                                      (abs)        000001
__L__absolute__                             __absolute__ 000000
__Labs1                                     abs1         000000
__Lbank0                                    bank0        000000
__Lbank1                                    bank1        000000
__Lbank10                                   bank10       000000
__Lbank11                                   bank11       000000
__Lbank12                                   bank12       000000
__Lbank13                                   bank13       000000
__Lbank14                                   bank14       000000
__Lbank15                                   bank15       000000
__Lbank2                                    bank2        000000
__Lbank3                                    bank3        000000
__Lbank4                                    bank4        000000
__Lbank5                                    bank5        000000
__Lbank6                                    bank6        000000
__Lbank7                                    bank7        000000
__Lbank8                                    bank8        000000
__Lbank9                                    bank9        000000
__Lbigbss                                   bigbss       000000
__Lbigdata                                  bigdata      000000
__Lbigram                                   bigram       000000
__Lbigsfr                                   bigsfr       000000
__Lbss                                      bss          000000
__LbssCOMRAM                                bssCOMRAM    000000
__Lcinit                                    cinit        000000
__Lclrtext                                  clrtext      000000
__Lcomram                                   comram       000000
__Lconfig                                   config       000000
__Lconst                                    const        000000
__LcstackBANK0                              cstackBANK0  000000
__LcstackCOMRAM                             cstackCOMRAM 000000
__Ldata                                     data         000000
__LdataCOMRAM                               dataCOMRAM   000000
__Leeprom_data                              eeprom_data  000000
__Lfarbss                                   farbss       000000
__Lfardata                                  fardata      000000
__Lheap                                     heap         000000
__Libigdata                                 ibigdata     000000
__Lidata                                    idata        000000
__LidataCOMRAM                              idataCOMRAM  000000
__Lidloc                                    idloc        000000
__Lifardata                                 ifardata     000000
__Linit                                     init         000086
__Lintcode                                  intcode      000008
__Lintcode_body                             intcode_body 000000
__Lintcodelo                                intcodelo    000018
__Lintentry                                 intentry     000000
__Lintret                                   intret       000000
__Lintsave_regs                             intsave_regs 000000
__Lirdata                                   irdata       000000
__Lmediumconst                              mediumconst  000000
__LnvFARRAM                                 nvFARRAM     000000
__Lnvbit                                    nvbit        000000
__Lnvrram                                   nvrram       000000
__Lparam                                    rparam       000000
__Lpowerup                                  powerup      000086
__Lram                                      ram          000000
__Lramtop                                   ramtop       001000
__Lrbit                                     rbit         000000
__Lrbss                                     rbss         000000
__Lrdata                                    rdata        000000
__Lreset_vec                                reset_vec    000000
__Lrparam                                   rparam       000000
__Lsfr                                      sfr          000000
__Lsivt_hi                                  sivt_hi      000000
__Lsivt_lo                                  sivt_lo      000000
__Lsmallconst                               smallconst   001000
__Lspace_0                                  (abs)        000000
__Lspace_1                                  (abs)        000000
__Lspace_2                                  (abs)        000000
__Lspace_4                                  (abs)        000000
__Lstack                                    stack        000000
__Lstruct                                   struct       000000
__Ltemp                                     temp         000061
__Ltext                                     text         000000
__Ltext0                                    text0        000000
__Ltext1                                    text1        000000
__Ltext10                                   text10       000000
__Ltext11                                   text11       000000
__Ltext12                                   text12       000000
__Ltext13                                   text13       000000
__Ltext14                                   text14       000000
__Ltext15                                   text15       000000
__Ltext16                                   text16       000000
__Ltext18                                   text18       000000
__Ltext19                                   text19       000000
__Ltext2                                    text2        000000
__Ltext20                                   text20       000000
__Ltext21                                   text21       000000
__Ltext22                                   text22       000000
__Ltext23                                   text23       000000
__Ltext25                                   text25       000000
__Ltext26                                   text26       000000
__Ltext27                                   text27       000000
__Ltext28                                   text28       000000
__Ltext29                                   text29       000000
__Ltext3                                    text3        000000
__Ltext30                                   text30       000000
__Ltext31                                   text31       000000
__Ltext4                                    text4        000000
__Ltext5                                    text5        000000
__Ltext6                                    text6        000000
__Ltext7                                    text7        000000
__Ltext8                                    text8        000000
__Ltext9                                    text9        000000
__S0                                        (abs)        001D1A
__S1                                        (abs)        00008F
__S4                                        (abs)        000000
__S5                                        (abs)        000000
___heap_hi                                  (abs)        000000
___heap_lo                                  (abs)        000000
___inthi_sp                                 stack        000000
___inthi_stack_hi                           stack        000000
___inthi_stack_lo                           stack        000000
___intlo_sp                                 stack        000000
___intlo_stack_hi                           stack        000000
___intlo_stack_lo                           stack        000000
___param_bank                               (abs)        000000
___rparam_used                              (abs)        000001
___sp                                       stack        000000
___stack_hi                                 stack        000000
___stack_lo                                 stack        000000
__accesstop                                 (abs)        000080
__activetblptr                              (abs)        000002
__end_of_INT0_ISR                           text26       001BEC
__end_of_INT0_SetInterruptHandler           text9        001D0E
__end_of_INT1_ISR                           text18       001B8C
__end_of_INT1_SetInterruptHandler           text8        001CEC
__end_of_INT2_ISR                           text25       001BBC
__end_of_INT2_SetInterruptHandler           text7        001CCA
__end_of_Int0_APP_ISR                       text20       001AEE
__end_of_Int1_APP_ISR                       text19       001AB4
__end_of_Int2_APP_ISR                       text21       001B28
__end_of_InterruptManagerHigh               intcode_body 001796
__end_of_InterruptManagerLow                intcodelo    000086
__end_of_Interrupt_INTx_Clear_Flag          text16       001806
__end_of_Interrupt_INTx_Disable             text15       0018D8
__end_of_Interrupt_INTx_Edge_Init           text14       001120
__end_of_Interrupt_INTx_Enable              text13       00143E
__end_of_Interrupt_INTx_Init                text5        001870
__end_of_Interrupt_INTx_Pin_Init            text11       001CA8
__end_of_Interrupt_INTx_Priority_Init       text10       001510
__end_of_Interrupt_INTx_SetInterruptHandler text6        0015A6
__end_of__initialization                    cinit        001A6C
__end_of_application_intialize              text1        001A40
__end_of_gpio_pin_direction_intialize       text12       001238
__end_of_gpio_pin_intialize                 text3        001A02
__end_of_gpio_pin_toggle_logic              text23       001628
__end_of_gpio_pin_write_logic               text4        00134E
__end_of_led_intialize                      text2        001720
__end_of_led_turn_toggle                    text22       00193E
__end_of_main                               text0        001D1A
__end_ofi2_Int0_APP_ISR                     text28       001C4C
__end_ofi2_Int1_APP_ISR                     text27       001C1C
__end_ofi2_Int2_APP_ISR                     text29       001C7C
__end_ofi2_gpio_pin_toggle_logic            text31       0016AA
__end_ofi2_led_turn_toggle                  text30       0019A4
__initialization                            cinit        001A40
__mediumconst                               mediumconst  000000
__pbssCOMRAM                                bssCOMRAM    000057
__pcinit                                    cinit        001A40
__pcstackBANK0                              cstackBANK0  000080
__pcstackCOMRAM                             cstackCOMRAM 000034
__pdataCOMRAM                               dataCOMRAM   000001
__pidataCOMRAM                              idataCOMRAM  001B28
__pintcode                                  intcode      000008
__pintcode_body                             intcode_body 001720
__pintcodelo                                intcodelo    000018
__psmallconst                               smallconst   001000
__ptext0                                    text0        001D0E
__ptext1                                    text1        001A02
__ptext10                                   text10       00143E
__ptext11                                   text11       001C7C
__ptext12                                   text12       001120
__ptext13                                   text13       00134E
__ptext14                                   text14       001002
__ptext15                                   text15       001870
__ptext16                                   text16       001796
__ptext18                                   text18       001B5C
__ptext19                                   text19       001A7A
__ptext2                                    text2        0016AA
__ptext20                                   text20       001AB4
__ptext21                                   text21       001AEE
__ptext22                                   text22       0018D8
__ptext23                                   text23       0015A6
__ptext25                                   text25       001B8C
__ptext26                                   text26       001BBC
__ptext27                                   text27       001BEC
__ptext28                                   text28       001C1C
__ptext29                                   text29       001C4C
__ptext3                                    text3        0019A4
__ptext30                                   text30       00193E
__ptext31                                   text31       001628
__ptext4                                    text4        001238
__ptext5                                    text5        001806
__ptext6                                    text6        001510
__ptext7                                    text7        001CA8
__ptext8                                    text8        001CCA
__ptext9                                    text9        001CEC
__ramtop                                    ramtop       001000
__smallconst                                smallconst   001000
_application_intialize                      text1        001A02
_gpio_pin_direction_intialize               text12       001120
_gpio_pin_intialize                         text3        0019A4
_gpio_pin_toggle_logic                      text23       0015A6
_gpio_pin_write_logic                       text4        001238
_int0_obj                                   dataCOMRAM   00002B
_int1_obj                                   dataCOMRAM   000025
_int2_obj                                   dataCOMRAM   00001F
_lat_registers                              dataCOMRAM   00000B
_led0                                       dataCOMRAM   000033
_led1                                       dataCOMRAM   000032
_led2                                       dataCOMRAM   000031
_led_intialize                              text2        0016AA
_led_turn_toggle                            text22       0018D8
_main                                       text0        001D0E
_port_registers                             dataCOMRAM   000001
_tris_registers                             dataCOMRAM   000015
btemp                                       temp         000061
end_of_initialization                       cinit        001A6C
gpio_pin_direction_intialize@_pin_config    cstackBANK0  000080
gpio_pin_direction_intialize@ret            cstackBANK0  000086
gpio_pin_intialize@_pin_config              cstackBANK0  000088
gpio_pin_intialize@ret                      cstackBANK0  00008A
gpio_pin_toggle_logic@_pin_config           cstackCOMRAM 000044
gpio_pin_write_logic@_pin_config            cstackBANK0  000080
gpio_pin_write_logic@logic                  cstackBANK0  000081
gpio_pin_write_logic@ret                    cstackBANK0  000087
i2Int0_APP_ISR@i                            cstackCOMRAM 00003D
i2Int1_APP_ISR@i                            cstackCOMRAM 00003D
i2Int2_APP_ISR@i                            cstackCOMRAM 00003D
i2_Int0_APP_ISR                             text28       001C1C
i2_Int1_APP_ISR                             text27       001BEC
i2_Int2_APP_ISR                             text29       001C4C
i2_gpio_pin_toggle_logic                    text31       001628
i2_led_turn_toggle                          text30       00193E
i2gpio_pin_toggle_logic@_pin_config         cstackCOMRAM 000034
i2led_turn_toggle@led                       cstackCOMRAM 000039
i2led_turn_toggle@pin_obj                   cstackCOMRAM 00003B
int$flags                                   temp         000061
int_func                                    intcode_body 001720
intlevel0                                   text         000000
intlevel1                                   text         000000
intlevel2                                   text         000000
intlevel3                                   text         000000
isa$std                                     (abs)        000001
isa$xinst                                   (abs)        000000
led_intialize@F3062                         bssCOMRAM    000060
led_intialize@led                           cstackBANK0  00008B
led_intialize@pin_obj                       cstackBANK0  00008E
led_intialize@ret                           cstackBANK0  00008D
led_turn_off@F3072                          bssCOMRAM    00005E
led_turn_on@F3067                           bssCOMRAM    00005F
led_turn_toggle@F3077                       bssCOMRAM    00005D
led_turn_toggle@led                         cstackCOMRAM 000049
led_turn_toggle@pin_obj                     cstackCOMRAM 00004B
stackhi                                     (abs)        000000
stacklo                                     (abs)        000000
start                                       init         000086
start_initialization                        cinit        001A40
ttemp5                                      temp         000062
ttemp6                                      temp         000065
ttemp7                                      temp         000069
wtemp8                                      temp         000062


MODULE INFORMATION

Module		Function		Class		Link	Load	Size
MCAL_Layer/Interrupt/External_Interrupt.c
		_INT0_SetInterruptHandler		CODE           	1CEC	0000	34
		_Interrupt_INTx_Clear_Flag		CODE           	1796	0000	112
		_Interrupt_INTx_SetInterruptHandler		CODE           	1510	0000	150
		_INT1_SetInterruptHandler		CODE           	1CCA	0000	34
		_Interrupt_INTx_Enable		CODE           	134E	0000	240
		_INT2_SetInterruptHandler		CODE           	1CA8	0000	34
		_Interrupt_INTx_Priority_Init		CODE           	143E	0000	210
		_Interrupt_INTx_Edge_Init		CODE           	1002	0000	286
		_Interrupt_INTx_Init		CODE           	1806	0000	106
		_Interrupt_INTx_Disable		CODE           	1870	0000	104
		_INT0_ISR      		CODE           	1BBC	0000	48
		_Interrupt_INTx_Pin_Init		CODE           	1C7C	0000	44
		_INT1_ISR      		CODE           	1B5C	0000	48
		_INT2_ISR      		CODE           	1B8C	0000	48

MCAL_Layer/Interrupt/External_Interrupt.c estimated size: 1498

shared
		i2_Int2_APP_ISR		CODE           	1C4C	0000	48
		i2_Int0_APP_ISR		CODE           	1C1C	0000	48
		__initialization		CODE           	1A40	0000	44
		i2_Int1_APP_ISR		CODE           	1BEC	0000	48
		i2_gpio_pin_toggle_logic		CODE           	1628	0000	130
		i2_led_turn_toggle		CODE           	193E	0000	102

shared estimated size: 420

ECU_Layer/led/led.c
		_led_turn_toggle		CODE           	18D8	0000	102
		_led_intialize 		CODE           	16AA	0000	118

ECU_Layer/led/led.c estimated size: 220

MCAL_Layer/GPIO/hal_gpio.c
		_gpio_pin_write_logic		CODE           	1238	0000	278
		_gpio_pin_intialize		CODE           	19A4	0000	94
		_gpio_pin_direction_intialize		CODE           	1120	0000	280
		_gpio_pin_toggle_logic		CODE           	15A6	0000	130

MCAL_Layer/GPIO/hal_gpio.c estimated size: 782

application.c
		_Int0_APP_ISR  		CODE           	1AB4	0000	58
		_Int1_APP_ISR  		CODE           	1A7A	0000	58
		_Int2_APP_ISR  		CODE           	1AEE	0000	58
		_main          		CODE           	1D0E	0000	12
		_application_intialize		CODE           	1A02	0000	62

application.c estimated size: 248

MCAL_Layer/Interrupt/Interrupt_manager.c
		_InterruptManagerLow		CODE           	0018	0000	110
		_InterruptManagerHigh		CODE           	0008	0000	124

MCAL_Layer/Interrupt/Interrupt_manager.c estimated size: 234

