Microchip MPLAB XC8 Compiler V2.46

Linker command line:

-W-3 \
  --edf=C:\Program Files\Microchip\xc8\v2.46\pic\dat\20240104201356_en.msgs \
  --msgdisable=0 -cn -h+dist/default/debug\application.X.debug.sym \
  --cmf=dist/default/debug\application.X.debug.cmf -z -Q18F4620 \
  -oC:\Users\smart\AppData\Local\Temp\xcAsgko.\driver_tmp_3.o \
  --defsym=__MPLAB_BUILD=1 --fixupoverflow=error \
  -Mdist/default/debug/application.X.debug.map \
  --md=C:\Users\smart\AppData\Local\Temp\xcAsgko.\driver_tmp_0.dat -E1 \
  -ver=XC8 Compiler --acfsm=1493 -ACODE=00h-0FFFFh -ACONST=00h-0FFFFh \
  -ASMALLCONST=01000h-010FFhx240 -AMEDIUMCONST=01000h-0FFFFh \
  -ACOMRAM=01h-07Fh -AABS1=00h-0F7Fh -ABIGRAM=01h-0F7Fh \
  -ARAM=080h-0FFh,0100h-01FFhx14,0F00h-0F7Fh -ABANK0=080h-0FFh \
  -ABANK1=0100h-01FFh -ABANK2=0200h-02FFh -ABANK3=0300h-03FFh \
  -ABANK4=0400h-04FFh -ABANK5=0500h-05FFh -ABANK6=0600h-06FFh \
  -ABANK7=0700h-07FFh -ABANK8=0800h-08FFh -ABANK9=0900h-09FFh \
  -ABANK10=0A00h-0AFFh -ABANK11=0B00h-0BFFh -ABANK12=0C00h-0CFFh \
  -ABANK13=0D00h-0DFFh -ABANK14=0E00h-0EFFh -ABANK15=0F00h-0F7Fh \
  -ASFR=0F80h-0FFFh -ABIGSFR=0F80h-0FFFh -ACONFIG=0300000h-030000Dh \
  -AIDLOC=0200000h-0200007h -AEEDATA=0F00000h-0F003FFh -peeprom_data=EEDATA \
  -preset_vec=00h,intcode,sivt_hi,intcodelo,sivt_lo,powerup,init \
  -pramtop=01000h -psmallconst=SMALLCONST -pmediumconst=MEDIUMCONST \
  -pconst=CONST -AFARRAM=00h-00h \
  -prdata=COMRAM,nvrram=COMRAM,nvbit=COMRAM,rbss=COMRAM,rbit=COMRAM \
  -pfarbss=FARRAM,fardata=FARRAM,nvFARRAM=FARRAM \
  -pintsave_regs=BIGRAM,bigbss=BIGRAM,bigdata=BIGRAM -pbss=RAM \
  -pidata=CODE,irdata=CODE,ibigdata=CODE,ifardata=CODE -prparam=COMRAM \
  C:\Users\smart\AppData\Local\Temp\xcAsgko.\driver_tmp_9.o \
  dist/default/debug\application.X.debug.o 

Object code version is 3.11

Machine type is 18F4620



                Name                               Link     Load   Length Selector   Space Scale
C:\Users\smart\AppData\Local\Temp\xcAsgko.\driver_tmp_9.o
                config                           300000   300000        E        0       4
                init                                  0        0        4        0       0
dist/default/debug\application.X.debug.o
                config                           300000   300000        E        0       4
                smallconst                         1000     1000       32      800       0
                text18                             1032     1032      112      819       0
                text17                             1144     1144      110      819       0
                text16                             1880     1880       5E      819       0
                text15                             1A08     1A08       36      819       0
                text14                             17AE     17AE       6E      819       0
                text13                             193A     193A       5C      819       0
                text12                             1434     1434       E6      819       0
                text11                             19D2     19D2       36      819       0
                text10                             173C     173C       72      819       0
                text9                              134E     134E       E6      819       0
                text8                              1A96     1A96       12      819       0
                text7                              18DE     18DE       5C      819       0
                text6                              15B6     15B6       9C      819       0
                text5                              1996     1996       3C      819       0
                text4                              1652     1652       78      819       0
                text3                              16CA     16CA       72      819       0
                text2                              151A     151A       9C      819       0
                text1                              181C     181C       64      819       0
                text0                              1254     1254       FA      819       0
                cstackCOMRAM                         2F       2F       1C        1       1
                dataCOMRAM                            1        1       2E        1       1
                cinit                              1A6C     1A6C       2A      819       0
                idataCOMRAM                        1A3E     1A3E       2E      819       0

TOTAL           Name                               Link     Load   Length     Space
        CLASS   CODE           
                init                                  0        0        4         0
                text18                             1032     1032      112         0
                text17                             1144     1144      110         0
                text16                             1880     1880       5E         0
                text15                             1A08     1A08       36         0
                text14                             17AE     17AE       6E         0
                text13                             193A     193A       5C         0
                text12                             1434     1434       E6         0
                text11                             19D2     19D2       36         0
                text10                             173C     173C       72         0
                text9                              134E     134E       E6         0
                text8                              1A96     1A96       12         0
                text7                              18DE     18DE       5C         0
                text6                              15B6     15B6       9C         0
                text5                              1996     1996       3C         0
                text4                              1652     1652       78         0
                text3                              16CA     16CA       72         0
                text2                              151A     151A       9C         0
                text1                              181C     181C       64         0
                text0                              1254     1254       FA         0
                cinit                              1A6C     1A6C       2A         0
                idataCOMRAM                        1A3E     1A3E       2E         0

        CLASS   CONST          

        CLASS   SMALLCONST     
                smallconst                         1000     1000       32         0

        CLASS   MEDIUMCONST    

        CLASS   COMRAM         
                cstackCOMRAM                         2F       2F       1C         1
                dataCOMRAM                            1        1       2E         1

        CLASS   ABS1           

        CLASS   BIGRAM         

        CLASS   RAM            

        CLASS   BANK0          

        CLASS   BANK1          

        CLASS   BANK2          

        CLASS   BANK3          

        CLASS   BANK4          

        CLASS   BANK5          

        CLASS   BANK6          

        CLASS   BANK7          

        CLASS   BANK8          

        CLASS   BANK9          

        CLASS   BANK10         

        CLASS   BANK11         

        CLASS   BANK12         

        CLASS   BANK13         

        CLASS   BANK14         

        CLASS   BANK15         

        CLASS   SFR            

        CLASS   BIGSFR         

        CLASS   CONFIG         
                config                           300000   300000        E         4

        CLASS   IDLOC          

        CLASS   EEDATA         

        CLASS   FARRAM         

        CLASS   HEAP           

        CLASS   STACK          



SEGMENTS        Name                           Load    Length   Top    Selector   Space  Class

                reset_vec                      000000  000004  000004         0       0  CODE    
                dataCOMRAM                     000001  00004A  00004B         1       1  COMRAM  
                smallconst                     001000  000032  001032       800       0  SMALLCON
                text18                         001032  000A76  001AA8       819       0  CODE    


UNUSED ADDRESS RANGES

        Name                Unused          Largest block    Delta
        BANK0            000080-0000FF               80
        BANK1            000100-0001FF              100
        BANK10           000A00-000AFF              100
        BANK11           000B00-000BFF              100
        BANK12           000C00-000CFF              100
        BANK13           000D00-000DFF              100
        BANK14           000E00-000EFF              100
        BANK15           000F00-000F7F               80
        BANK2            000200-0002FF              100
        BANK3            000300-0003FF              100
        BANK4            000400-0004FF              100
        BANK5            000500-0005FF              100
        BANK6            000600-0006FF              100
        BANK7            000700-0007FF              100
        BANK8            000800-0008FF              100
        BANK9            000900-0009FF              100
        BIGRAM           00004B-000F7F              F35
        BIGSFR           000F80-000FFF               80
        CODE             000004-000FFF              FFC
                         001AA8-00FFFF             E558
        COMRAM           00004B-00007F               35
        CONST            000004-000FFF              FFC
                         001AA8-00FFFF             E558
        EEDATA           F00000-F003FF              400
        IDLOC            200000-200007                8
        MEDIUMCONST      001AA8-00FFFF             E558
        RAM              000080-000F7F              100
        SFR              000F80-000FFF               80
        SMALLCONST       001AA8-00FFFF              100

                                  Symbol Table

_LATA                                    (abs)        000F89
_LATB                                    (abs)        000F8A
_LATC                                    (abs)        000F8B
_LATD                                    (abs)        000F8C
_LATE                                    (abs)        000F8D
_PORTA                                   (abs)        000F80
_PORTB                                   (abs)        000F81
_PORTC                                   (abs)        000F82
_PORTD                                   (abs)        000F83
_PORTE                                   (abs)        000F84
_TRISA                                   (abs)        000F92
_TRISB                                   (abs)        000F93
_TRISC                                   (abs)        000F94
_TRISD                                   (abs)        000F95
_TRISE                                   (abs)        000F96
__HRAM                                   (abs)        000000
__H__absolute__                          __absolute__ 000000
__Habs1                                  abs1         000000
__Hbank0                                 bank0        000000
__Hbank1                                 bank1        000000
__Hbank10                                bank10       000000
__Hbank11                                bank11       000000
__Hbank12                                bank12       000000
__Hbank13                                bank13       000000
__Hbank14                                bank14       000000
__Hbank15                                bank15       000000
__Hbank2                                 bank2        000000
__Hbank3                                 bank3        000000
__Hbank4                                 bank4        000000
__Hbank5                                 bank5        000000
__Hbank6                                 bank6        000000
__Hbank7                                 bank7        000000
__Hbank8                                 bank8        000000
__Hbank9                                 bank9        000000
__Hbigbss                                bigbss       000000
__Hbigdata                               bigdata      000000
__Hbigram                                bigram       000000
__Hbigsfr                                bigsfr       000000
__Hbss                                   bss          000000
__Hcinit                                 cinit        000000
__Hclrtext                               clrtext      000000
__Hcomram                                comram       000000
__Hconfig                                config       30000E
__Hconst                                 const        000000
__HcstackCOMRAM                          cstackCOMRAM 000000
__Hdata                                  data         000000
__HdataCOMRAM                            dataCOMRAM   000000
__Heeprom_data                           eeprom_data  000000
__Hfarbss                                farbss       000000
__Hfardata                               fardata      000000
__Hheap                                  heap         000000
__Hibigdata                              ibigdata     000000
__Hidata                                 idata        000000
__HidataCOMRAM                           idataCOMRAM  000000
__Hidloc                                 idloc        000000
__Hifardata                              ifardata     000000
__Hinit                                  init         000004
__Hintcode                               intcode      000000
__Hintcode_body                          intcode_body 000000
__Hintcodelo                             intcodelo    000000
__Hintentry                              intentry     000000
__Hintret                                intret       000000
__Hintsave_regs                          intsave_regs 000000
__Hirdata                                irdata       000000
__Hmediumconst                           mediumconst  000000
__HnvFARRAM                              nvFARRAM     000000
__Hnvbit                                 nvbit        000000
__Hnvrram                                nvrram       000000
__Hparam                                 rparam       000000
__Hpowerup                               powerup      000000
__Hram                                   ram          000000
__Hramtop                                ramtop       001000
__Hrbit                                  rbit         000000
__Hrbss                                  rbss         000000
__Hrdata                                 rdata        000000
__Hreset_vec                             reset_vec    000000
__Hrparam                                rparam       000000
__Hsfr                                   sfr          000000
__Hsivt_hi                               sivt_hi      000000
__Hsivt_lo                               sivt_lo      000000
__Hsmallconst                            smallconst   001032
__Hspace_0                               (abs)        001AA8
__Hspace_1                               (abs)        00004B
__Hspace_2                               (abs)        000000
__Hspace_4                               (abs)        60000E
__Hstack                                 stack        000000
__Hstruct                                struct       000000
__Htemp                                  temp         000000
__Htext                                  text         000000
__Htext0                                 text0        000000
__Htext1                                 text1        000000
__Htext10                                text10       000000
__Htext11                                text11       000000
__Htext12                                text12       000000
__Htext13                                text13       000000
__Htext14                                text14       000000
__Htext15                                text15       000000
__Htext16                                text16       000000
__Htext17                                text17       000000
__Htext18                                text18       000000
__Htext2                                 text2        000000
__Htext3                                 text3        000000
__Htext4                                 text4        000000
__Htext5                                 text5        000000
__Htext6                                 text6        000000
__Htext7                                 text7        000000
__Htext8                                 text8        000000
__Htext9                                 text9        000000
__LRAM                                   (abs)        000001
__L__absolute__                          __absolute__ 000000
__Labs1                                  abs1         000000
__Lbank0                                 bank0        000000
__Lbank1                                 bank1        000000
__Lbank10                                bank10       000000
__Lbank11                                bank11       000000
__Lbank12                                bank12       000000
__Lbank13                                bank13       000000
__Lbank14                                bank14       000000
__Lbank15                                bank15       000000
__Lbank2                                 bank2        000000
__Lbank3                                 bank3        000000
__Lbank4                                 bank4        000000
__Lbank5                                 bank5        000000
__Lbank6                                 bank6        000000
__Lbank7                                 bank7        000000
__Lbank8                                 bank8        000000
__Lbank9                                 bank9        000000
__Lbigbss                                bigbss       000000
__Lbigdata                               bigdata      000000
__Lbigram                                bigram       000000
__Lbigsfr                                bigsfr       000000
__Lbss                                   bss          000000
__Lcinit                                 cinit        000000
__Lclrtext                               clrtext      000000
__Lcomram                                comram       000000
__Lconfig                                config       000000
__Lconst                                 const        000000
__LcstackCOMRAM                          cstackCOMRAM 000000
__Ldata                                  data         000000
__LdataCOMRAM                            dataCOMRAM   000000
__Leeprom_data                           eeprom_data  000000
__Lfarbss                                farbss       000000
__Lfardata                               fardata      000000
__Lheap                                  heap         000000
__Libigdata                              ibigdata     000000
__Lidata                                 idata        000000
__LidataCOMRAM                           idataCOMRAM  000000
__Lidloc                                 idloc        000000
__Lifardata                              ifardata     000000
__Linit                                  init         000000
__Lintcode                               intcode      000000
__Lintcode_body                          intcode_body 000000
__Lintcodelo                             intcodelo    000000
__Lintentry                              intentry     000000
__Lintret                                intret       000000
__Lintsave_regs                          intsave_regs 000000
__Lirdata                                irdata       000000
__Lmediumconst                           mediumconst  000000
__LnvFARRAM                              nvFARRAM     000000
__Lnvbit                                 nvbit        000000
__Lnvrram                                nvrram       000000
__Lparam                                 rparam       000000
__Lpowerup                               powerup      000000
__Lram                                   ram          000000
__Lramtop                                ramtop       001000
__Lrbit                                  rbit         000000
__Lrbss                                  rbss         000000
__Lrdata                                 rdata        000000
__Lreset_vec                             reset_vec    000000
__Lrparam                                rparam       000000
__Lsfr                                   sfr          000000
__Lsivt_hi                               sivt_hi      000000
__Lsivt_lo                               sivt_lo      000000
__Lsmallconst                            smallconst   001000
__Lspace_0                               (abs)        000000
__Lspace_1                               (abs)        000000
__Lspace_2                               (abs)        000000
__Lspace_4                               (abs)        000000
__Lstack                                 stack        000000
__Lstruct                                struct       000000
__Ltemp                                  temp         000000
__Ltext                                  text         000000
__Ltext0                                 text0        000000
__Ltext1                                 text1        000000
__Ltext10                                text10       000000
__Ltext11                                text11       000000
__Ltext12                                text12       000000
__Ltext13                                text13       000000
__Ltext14                                text14       000000
__Ltext15                                text15       000000
__Ltext16                                text16       000000
__Ltext17                                text17       000000
__Ltext18                                text18       000000
__Ltext2                                 text2        000000
__Ltext3                                 text3        000000
__Ltext4                                 text4        000000
__Ltext5                                 text5        000000
__Ltext6                                 text6        000000
__Ltext7                                 text7        000000
__Ltext8                                 text8        000000
__Ltext9                                 text9        000000
__S0                                     (abs)        001AA8
__S1                                     (abs)        00004B
__S4                                     (abs)        000000
__S5                                     (abs)        000000
___heap_hi                               (abs)        000000
___heap_lo                               (abs)        000000
___inthi_sp                              stack        000000
___inthi_stack_hi                        stack        000000
___inthi_stack_lo                        stack        000000
___intlo_sp                              stack        000000
___intlo_stack_hi                        stack        000000
___intlo_stack_lo                        stack        000000
___param_bank                            (abs)        000000
___rparam_used                           (abs)        000001
___sp                                    stack        000000
___stack_hi                              stack        000000
___stack_lo                              stack        000000
__accesstop                              (abs)        000080
__activetblptr                           (abs)        000002
__end_of__initialization                 cinit        001A8C
__end_of_application_intialize           text8        001AA8
__end_of_gpio_pin_direction_intialize    text18       001144
__end_of_gpio_pin_intialize              text16       0018DE
__end_of_gpio_pin_write_logic            text17       001254
__end_of_lcd_4bit_intialize              text12       00151A
__end_of_lcd_4bit_send_char_data         text7        00193A
__end_of_lcd_4bit_send_char_data_pos     text5        0019D2
__end_of_lcd_4bit_send_command           text13       001996
__end_of_lcd_4bit_send_enable_signal     text15       001A3E
__end_of_lcd_4bit_send_string_pos        text4        0016CA
__end_of_lcd_4bit_set_cursor             text6        001652
__end_of_lcd_8bit_intialize              text9        001434
__end_of_lcd_8bit_send_char_data         text3        00173C
__end_of_lcd_8bit_send_command           text10       0017AE
__end_of_lcd_8bit_send_enable_signal     text11       001A08
__end_of_lcd_8bit_send_string_pos        text1        001880
__end_of_lcd_8bit_set_cursor             text2        0015B6
__end_of_lcd_send_4bits                  text14       00181C
__end_of_main                            text0        00134E
__initialization                         cinit        001A6C
__mediumconst                            mediumconst  000000
__pcinit                                 cinit        001A6C
__pcstackCOMRAM                          cstackCOMRAM 00002F
__pdataCOMRAM                            dataCOMRAM   000001
__pidataCOMRAM                           idataCOMRAM  001A3E
__psmallconst                            smallconst   001000
__ptext0                                 text0        001254
__ptext1                                 text1        00181C
__ptext10                                text10       00173C
__ptext11                                text11       0019D2
__ptext12                                text12       001434
__ptext13                                text13       00193A
__ptext14                                text14       0017AE
__ptext15                                text15       001A08
__ptext16                                text16       001880
__ptext17                                text17       001144
__ptext18                                text18       001032
__ptext2                                 text2        00151A
__ptext3                                 text3        0016CA
__ptext4                                 text4        001652
__ptext5                                 text5        001996
__ptext6                                 text6        0015B6
__ptext7                                 text7        0018DE
__ptext8                                 text8        001A96
__ptext9                                 text9        00134E
__ramtop                                 ramtop       001000
__smallconst                             smallconst   001000
_application_intialize                   text8        001A96
_gpio_pin_direction_intialize            text18       001032
_gpio_pin_intialize                      text16       001880
_gpio_pin_write_logic                    text17       001144
_lat_registers                           dataCOMRAM   00000B
_lcd1                                    dataCOMRAM   000029
_lcd2                                    dataCOMRAM   00001F
_lcd_4bit_intialize                      text12       001434
_lcd_4bit_send_char_data                 text7        0018DE
_lcd_4bit_send_char_data_pos             text5        001996
_lcd_4bit_send_command                   text13       00193A
_lcd_4bit_send_enable_signal             text15       001A08
_lcd_4bit_send_string_pos                text4        001652
_lcd_4bit_set_cursor                     text6        0015B6
_lcd_8bit_intialize                      text9        00134E
_lcd_8bit_send_char_data                 text3        0016CA
_lcd_8bit_send_command                   text10       00173C
_lcd_8bit_send_enable_signal             text11       0019D2
_lcd_8bit_send_string_pos                text1        00181C
_lcd_8bit_set_cursor                     text2        00151A
_lcd_send_4bits                          text14       0017AE
_main                                    text0        001254
_port_registers                          dataCOMRAM   000001
_tris_registers                          dataCOMRAM   000015
end_of_initialization                    cinit        001A8C
gpio_pin_direction_intialize@_pin_config cstackCOMRAM 00002F
gpio_pin_direction_intialize@ret         cstackCOMRAM 000035
gpio_pin_intialize@_pin_config           cstackCOMRAM 000037
gpio_pin_intialize@ret                   cstackCOMRAM 000039
gpio_pin_write_logic@_pin_config         cstackCOMRAM 00002F
gpio_pin_write_logic@logic               cstackCOMRAM 000030
gpio_pin_write_logic@ret                 cstackCOMRAM 000036
intlevel0                                text         000000
intlevel1                                text         000000
intlevel2                                text         000000
intlevel3                                text         000000
isa$std                                  (abs)        000001
isa$xinst                                (abs)        000000
lcd_4bit_intialize@l_data_pins_counter   cstackCOMRAM 00003F
lcd_4bit_intialize@lcd                   cstackCOMRAM 00003D
lcd_4bit_intialize@ret                   cstackCOMRAM 000040
lcd_4bit_send_char_data@data             cstackCOMRAM 00003B
lcd_4bit_send_char_data@lcd              cstackCOMRAM 00003A
lcd_4bit_send_char_data@ret              cstackCOMRAM 00003C
lcd_4bit_send_char_data_pos@column       cstackCOMRAM 000043
lcd_4bit_send_char_data_pos@data         cstackCOMRAM 000044
lcd_4bit_send_char_data_pos@lcd          cstackCOMRAM 000041
lcd_4bit_send_char_data_pos@ret          cstackCOMRAM 000045
lcd_4bit_send_char_data_pos@row          cstackCOMRAM 000042
lcd_4bit_send_command@command            cstackCOMRAM 00003B
lcd_4bit_send_command@lcd                cstackCOMRAM 00003A
lcd_4bit_send_command@ret                cstackCOMRAM 00003C
lcd_4bit_send_enable_signal@lcd          cstackCOMRAM 000037
lcd_4bit_send_enable_signal@ret          cstackCOMRAM 000038
lcd_4bit_send_string_pos@column          cstackCOMRAM 000043
lcd_4bit_send_string_pos@lcd             cstackCOMRAM 000041
lcd_4bit_send_string_pos@ret             cstackCOMRAM 000045
lcd_4bit_send_string_pos@row             cstackCOMRAM 000042
lcd_4bit_send_string_pos@str             cstackCOMRAM 000044
lcd_4bit_set_cursor@column               cstackCOMRAM 00003F
lcd_4bit_set_cursor@lcd                  cstackCOMRAM 00003D
lcd_4bit_set_cursor@ret                  cstackCOMRAM 000040
lcd_4bit_set_cursor@row                  cstackCOMRAM 00003E
lcd_8bit_intialize@l_data_pins_counter   cstackCOMRAM 000041
lcd_8bit_intialize@lcd                   cstackCOMRAM 00003F
lcd_8bit_intialize@ret                   cstackCOMRAM 000042
lcd_8bit_send_char_data@data             cstackCOMRAM 00003A
lcd_8bit_send_char_data@l_pin_counter    cstackCOMRAM 00003E
lcd_8bit_send_char_data@lcd              cstackCOMRAM 000039
lcd_8bit_send_char_data@ret              cstackCOMRAM 00003D
lcd_8bit_send_command@command            cstackCOMRAM 00003A
lcd_8bit_send_command@l_pin_counter      cstackCOMRAM 00003E
lcd_8bit_send_command@lcd                cstackCOMRAM 000039
lcd_8bit_send_command@ret                cstackCOMRAM 00003D
lcd_8bit_send_enable_signal@lcd          cstackCOMRAM 000037
lcd_8bit_send_enable_signal@ret          cstackCOMRAM 000038
lcd_8bit_send_string_pos@column          cstackCOMRAM 000045
lcd_8bit_send_string_pos@lcd             cstackCOMRAM 000043
lcd_8bit_send_string_pos@ret             cstackCOMRAM 000047
lcd_8bit_send_string_pos@row             cstackCOMRAM 000044
lcd_8bit_send_string_pos@str             cstackCOMRAM 000046
lcd_8bit_set_cursor@column               cstackCOMRAM 000041
lcd_8bit_set_cursor@lcd                  cstackCOMRAM 00003F
lcd_8bit_set_cursor@ret                  cstackCOMRAM 000042
lcd_8bit_set_cursor@row                  cstackCOMRAM 000040
lcd_send_4bits@_data_command             cstackCOMRAM 000038
lcd_send_4bits@lcd                       cstackCOMRAM 000037
lcd_send_4bits@ret                       cstackCOMRAM 000039
main@lcd1_counter                        cstackCOMRAM 00004A
stackhi                                  (abs)        000000
stacklo                                  (abs)        000000
start                                    init         000000
start_initialization                     cinit        001A6C


MODULE INFORMATION

Module		Function		Class		Link	Load	Size
ECU_Layer/lcd/lcd.c
		_lcd_8bit_intialize		CODE           	134E	0000	230
		_lcd_8bit_set_cursor		CODE           	151A	0000	156
		_lcd_8bit_send_enable_signal		CODE           	19D2	0000	54
		_lcd_4bit_send_command		CODE           	193A	0000	92
		_lcd_4bit_send_string_pos		CODE           	1652	0000	120
		_lcd_4bit_send_char_data		CODE           	18DE	0000	92
		_lcd_send_4bits		CODE           	17AE	0000	110
		_lcd_4bit_intialize		CODE           	1434	0000	230
		_lcd_4bit_send_char_data_pos		CODE           	1996	0000	60
		_lcd_4bit_set_cursor		CODE           	15B6	0000	156
		_lcd_4bit_send_enable_signal		CODE           	1A08	0000	54
		_lcd_8bit_send_command		CODE           	173C	0000	114
		_lcd_8bit_send_string_pos		CODE           	181C	0000	100
		_lcd_8bit_send_char_data		CODE           	16CA	0000	114

ECU_Layer/lcd/lcd.c estimated size: 1682

shared
		__initialization		CODE           	1A6C	0000	32

shared estimated size: 32

MCAL_Layer/GPIO/hal_gpio.c
		_gpio_pin_write_logic		CODE           	1144	0000	272
		_gpio_pin_intialize		CODE           	1880	0000	94
		_gpio_pin_direction_intialize		CODE           	1032	0000	274

MCAL_Layer/GPIO/hal_gpio.c estimated size: 640

application.c
		_main          		CODE           	1254	0000	250
		_application_intialize		CODE           	1A96	0000	18

application.c estimated size: 268

