Microchip MPLAB XC8 Compiler V2.46

Linker command line:

-W-3 \
  --edf=C:\Program Files\Microchip\xc8\v2.46\pic\dat\20240104201356_en.msgs \
  --msgdisable=0 -cn -h+dist/default/debug\application.X.debug.sym \
  --cmf=dist/default/debug\application.X.debug.cmf -z -Q18F4620 \
  -oC:\Users\smart\AppData\Local\Temp\xcAs8co.\driver_tmp_3.o \
  --defsym=__MPLAB_BUILD=1 --fixupoverflow=error \
  -Mdist/default/debug/application.X.debug.map \
  --md=C:\Users\smart\AppData\Local\Temp\xcAs8co.\driver_tmp_0.dat -E1 \
  -ver=XC8 Compiler --acfsm=1493 -ACODE=00h-0FFFFh -ACONST=00h-0FFFFh \
  -ASMALLCONST=01000h-010FFhx240 -AMEDIUMCONST=01000h-0FFFFh \
  -ACOMRAM=01h-07Fh -AABS1=00h-0F7Fh -ABIGRAM=01h-0F7Fh \
  -ARAM=080h-0FFh,0100h-01FFhx14,0F00h-0F7Fh -ABANK0=080h-0FFh \
  -ABANK1=0100h-01FFh -ABANK2=0200h-02FFh -ABANK3=0300h-03FFh \
  -ABANK4=0400h-04FFh -ABANK5=0500h-05FFh -ABANK6=0600h-06FFh \
  -ABANK7=0700h-07FFh -ABANK8=0800h-08FFh -ABANK9=0900h-09FFh \
  -ABANK10=0A00h-0AFFh -ABANK11=0B00h-0BFFh -ABANK12=0C00h-0CFFh \
  -ABANK13=0D00h-0DFFh -ABANK14=0E00h-0EFFh -ABANK15=0F00h-0F7Fh \
  -ASFR=0F80h-0FFFh -ABIGSFR=0F80h-0FFFh -ACONFIG=0300000h-030000Dh \
  -AIDLOC=0200000h-0200007h -AEEDATA=0F00000h-0F003FFh -peeprom_data=EEDATA \
  -preset_vec=00h,intcode=8h,intcodelo,powerup,init -pramtop=01000h \
  -psmallconst=SMALLCONST -pmediumconst=MEDIUMCONST -pconst=CONST \
  -AFARRAM=00h-00h \
  -prdata=COMRAM,nvrram=COMRAM,nvbit=COMRAM,rbss=COMRAM,rbit=COMRAM \
  -pfarbss=FARRAM,fardata=FARRAM,nvFARRAM=FARRAM \
  -pintsave_regs=BIGRAM,bigbss=BIGRAM,bigdata=BIGRAM -pbss=RAM \
  -pidata=CODE,irdata=CODE,ibigdata=CODE,ifardata=CODE -prparam=COMRAM \
  C:\Users\smart\AppData\Local\Temp\xcAs8co.\driver_tmp_9.o \
  dist/default/debug\application.X.debug.o 

Object code version is 3.11

Machine type is 18F4620



                Name                               Link     Load   Length Selector   Space Scale
C:\Users\smart\AppData\Local\Temp\xcAs8co.\driver_tmp_9.o
                config                           300000   300000        E        0       4
                init                                  E        E        4        4       0
                reset_vec                             0        0        4        0       0
dist/default/debug\application.X.debug.o
                intcode                               8        8        6        4       0
                config                           300000   300000        E        0       4
                temp                                 6B       6B        1        1       1
                smallconst                         1000     1000        2      800       0
                text26                             17B6     17B6       B8      801       0
                text25                             14FA     14FA      106      801       0
                text24                             19F4     19F4       6A      801       0
                text23                             198A     198A       6A      801       0
                text22                             1600     1600       DE      801       0
                text21                             1BD8     1BD8       30      801       0
                text20                             1D08     1D08        4      801       0
                text19                             1D04     1D04        4      801       0
                text18                             1D00     1D00        4      801       0
                text17                             1CCE     1CCE       1A      801       0
                text16                             1CB4     1CB4       1A      801       0
                text15                             1C9A     1C9A       1A      801       0
                text14                             1C80     1C80       1A      801       0
                intcode_body                       1002     1002      2D6      801       0
                text12                             16DE     16DE       D8      801       0
                text11                             1BA0     1BA0       38      801       0
                text10                             1C5E     1C5E       22      801       0
                text9                              1B68     1B68       38      801       0
                text8                              1AB6     1AB6       3E      801       0
                text7                              1B2E     1B2E       3A      801       0
                text6                              186E     186E       AC      801       0
                text5                              12D8     12D8      112      801       0
                text4                              13EA     13EA      110      801       0
                text3                              1A5E     1A5E       58      801       0
                text2                              191A     191A       70      801       0
                text1                              1C34     1C34       2A      801       0
                text0                              1CE8     1CE8       18      801       0
                cstackCOMRAM                         4C       4C       1F        1       1
                dataCOMRAM                            1        1       2C        1       1
                bssCOMRAM                            2D       2D       1F        1       1
                cinit                              1AF4     1AF4       3A      801       0
                idataCOMRAM                        1C08     1C08       2C      801       0

TOTAL           Name                               Link     Load   Length     Space
        CLASS   CODE           
                intcode                               8        8        6         0
                init                                  E        E        4         0
                reset_vec                             0        0        4         0
                text26                             17B6     17B6       B8         0
                text25                             14FA     14FA      106         0
                text24                             19F4     19F4       6A         0
                text23                             198A     198A       6A         0
                text22                             1600     1600       DE         0
                text21                             1BD8     1BD8       30         0
                text20                             1D08     1D08        4         0
                text19                             1D04     1D04        4         0
                text18                             1D00     1D00        4         0
                text17                             1CCE     1CCE       1A         0
                text16                             1CB4     1CB4       1A         0
                text15                             1C9A     1C9A       1A         0
                text14                             1C80     1C80       1A         0
                intcode_body                       1002     1002      2D6         0
                text12                             16DE     16DE       D8         0
                text11                             1BA0     1BA0       38         0
                text10                             1C5E     1C5E       22         0
                text9                              1B68     1B68       38         0
                text8                              1AB6     1AB6       3E         0
                text7                              1B2E     1B2E       3A         0
                text6                              186E     186E       AC         0
                text5                              12D8     12D8      112         0
                text4                              13EA     13EA      110         0
                text3                              1A5E     1A5E       58         0
                text2                              191A     191A       70         0
                text1                              1C34     1C34       2A         0
                text0                              1CE8     1CE8       18         0
                cinit                              1AF4     1AF4       3A         0
                idataCOMRAM                        1C08     1C08       2C         0

        CLASS   CONST          

        CLASS   SMALLCONST     
                smallconst                         1000     1000        2         0

        CLASS   MEDIUMCONST    

        CLASS   COMRAM         
                temp                                 6B       6B        1         1
                cstackCOMRAM                         4C       4C       1F         1
                dataCOMRAM                            1        1       2C         1
                bssCOMRAM                            2D       2D       1F         1

        CLASS   ABS1           

        CLASS   BIGRAM         

        CLASS   RAM            

        CLASS   BANK0          

        CLASS   BANK1          

        CLASS   BANK2          

        CLASS   BANK3          

        CLASS   BANK4          

        CLASS   BANK5          

        CLASS   BANK6          

        CLASS   BANK7          

        CLASS   BANK8          

        CLASS   BANK9          

        CLASS   BANK10         

        CLASS   BANK11         

        CLASS   BANK12         

        CLASS   BANK13         

        CLASS   BANK14         

        CLASS   BANK15         

        CLASS   SFR            

        CLASS   BIGSFR         

        CLASS   CONFIG         
                config                           300000   300000        E         4

        CLASS   IDLOC          

        CLASS   EEDATA         

        CLASS   FARRAM         

        CLASS   HEAP           

        CLASS   STACK          



SEGMENTS        Name                           Load    Length   Top    Selector   Space  Class

                reset_vec                      000000  000004  000004         0       0  CODE    
                dataCOMRAM                     000001  00006B  00006C         1       1  COMRAM  
                intcode                        000008  00000A  000012         4       0  CODE    
                smallconst                     001000  000002  001002       800       0  SMALLCON
                intcode_body                   001002  000D0A  001D0C       801       0  CODE    


UNUSED ADDRESS RANGES

        Name                Unused          Largest block    Delta
        BANK0            000080-0000FF               80
        BANK1            000100-0001FF              100
        BANK10           000A00-000AFF              100
        BANK11           000B00-000BFF              100
        BANK12           000C00-000CFF              100
        BANK13           000D00-000DFF              100
        BANK14           000E00-000EFF              100
        BANK15           000F00-000F7F               80
        BANK2            000200-0002FF              100
        BANK3            000300-0003FF              100
        BANK4            000400-0004FF              100
        BANK5            000500-0005FF              100
        BANK6            000600-0006FF              100
        BANK7            000700-0007FF              100
        BANK8            000800-0008FF              100
        BANK9            000900-0009FF              100
        BIGRAM           00006C-000F7F              F14
        BIGSFR           000F80-000FFF               80
        CODE             000004-000007                4
                         000012-000FFF              FEE
                         001D0C-00FFFF             E2F4
        COMRAM           00006C-00007F               14
        CONST            000004-000007                4
                         000012-000FFF              FEE
                         001D0C-00FFFF             E2F4
        EEDATA           F00000-F003FF              400
        IDLOC            200000-200007                8
        MEDIUMCONST      001D0C-00FFFF             E2F4
        RAM              000080-000F7F              100
        SFR              000F80-000FFF               80
        SMALLCONST       001D0C-00FFFF              100

                                  Symbol Table

ADC_GetConversionResult@Conversion_result         cstackCOMRAM 00004D
ADC_GetConversionResult@_adc                      cstackCOMRAM 00004C
ADC_GetConversionResult@ret                       cstackCOMRAM 000051
ADC_Init@_adc                                     cstackCOMRAM 00005F
ADC_Init@ret                                      cstackCOMRAM 000061
ADC_SelectChannel@_adc                            cstackCOMRAM 00005F
ADC_SelectChannel@channel                         cstackCOMRAM 000060
ADC_SelectChannel@ret                             cstackCOMRAM 000062
ADC_StartConversion@_adc                          cstackCOMRAM 00005C
ADC_StartConversion@ret                           cstackCOMRAM 00005D
ADC_StartConversion_Interrupt@_adc                cstackCOMRAM 000063
ADC_StartConversion_Interrupt@channel             cstackCOMRAM 000064
ADC_StartConversion_Interrupt@l_conversion_status cstackCOMRAM 000065
ADC_StartConversion_Interrupt@ret                 cstackCOMRAM 000066
RB4_ISR@RB4_source                                cstackCOMRAM 00004C
RB5_ISR@RB5_source                                cstackCOMRAM 00004C
RB6_ISR@RB6_source                                cstackCOMRAM 00004C
RB7_ISR@RB7_source                                cstackCOMRAM 00004C
_ADCON0bits                                       (abs)        000FC2
_ADCON1bits                                       (abs)        000FC1
_ADCON2bits                                       (abs)        000FC0
_ADC_DefaultInterruptHandler                      text22       001600
_ADC_GetConversionResult                          text26       0017B6
_ADC_ISR                                          text21       001BD8
_ADC_Init                                         text6        00186E
_ADC_InterruptHandler                             bssCOMRAM    000043
_ADC_SelectChannel                                text11       001BA0
_ADC_StartConversion                              text10       001C5E
_ADC_StartConversion_Interrupt                    text9        001B68
_ADRESH                                           (abs)        000FC4
_ADRESL                                           (abs)        000FC3
_EEADR                                            (abs)        000FA9
_EEADRH                                           (abs)        000FAA
_EECON1bits                                       (abs)        000FA6
_EECON2                                           (abs)        000FA7
_EEDATA                                           (abs)        000FA8
_INT0_ISR                                         text20       001D08
_INT0_InterruptHandler                            bssCOMRAM    000041
_INT1_ISR                                         text19       001D04
_INT1_InterruptHandler                            bssCOMRAM    00003F
_INT2_ISR                                         text18       001D00
_INT2_InterruptHandler                            bssCOMRAM    00003D
_INTCON2bits                                      (abs)        000FF1
_INTCON3bits                                      (abs)        000FF0
_INTCONbits                                       (abs)        000FF2
_InterruptManager                                 intcode      000008
_LATA                                             (abs)        000F89
_LATB                                             (abs)        000F8A
_LATC                                             (abs)        000F8B
_LATD                                             (abs)        000F8C
_LATE                                             (abs)        000F8D
_PIE1bits                                         (abs)        000F9D
_PIR1bits                                         (abs)        000F9E
_PORTA                                            (abs)        000F80
_PORTB                                            (abs)        000F81
_PORTBbits                                        (abs)        000F81
_PORTC                                            (abs)        000F82
_PORTD                                            (abs)        000F83
_PORTE                                            (abs)        000F84
_RB4_Flag                                         dataCOMRAM   000022
_RB4_ISR                                          text17       001CCE
_RB4_InterruptHandlerHigh                         bssCOMRAM    00003B
_RB4_InterruptHandlerLow                          bssCOMRAM    000039
_RB5_Flag                                         dataCOMRAM   000021
_RB5_ISR                                          text16       001CB4
_RB5_InterruptHandlerHigh                         bssCOMRAM    000037
_RB5_InterruptHandlerLow                          bssCOMRAM    000035
_RB6_Flag                                         dataCOMRAM   000020
_RB6_ISR                                          text15       001C9A
_RB6_InterruptHandlerHigh                         bssCOMRAM    000033
_RB6_InterruptHandlerLow                          bssCOMRAM    000031
_RB7_Flag                                         dataCOMRAM   00001F
_RB7_ISR                                          text14       001C80
_RB7_InterruptHandlerHigh                         bssCOMRAM    00002F
_RB7_InterruptHandlerLow                          bssCOMRAM    00002D
_TRISA                                            (abs)        000F92
_TRISB                                            (abs)        000F93
_TRISC                                            (abs)        000F94
_TRISD                                            (abs)        000F95
_TRISE                                            (abs)        000F96
__HRAM                                            (abs)        000000
__H__absolute__                                   __absolute__ 000000
__Habs1                                           abs1         000000
__Hbank0                                          bank0        000000
__Hbank1                                          bank1        000000
__Hbank10                                         bank10       000000
__Hbank11                                         bank11       000000
__Hbank12                                         bank12       000000
__Hbank13                                         bank13       000000
__Hbank14                                         bank14       000000
__Hbank15                                         bank15       000000
__Hbank2                                          bank2        000000
__Hbank3                                          bank3        000000
__Hbank4                                          bank4        000000
__Hbank5                                          bank5        000000
__Hbank6                                          bank6        000000
__Hbank7                                          bank7        000000
__Hbank8                                          bank8        000000
__Hbank9                                          bank9        000000
__Hbigbss                                         bigbss       000000
__Hbigdata                                        bigdata      000000
__Hbigram                                         bigram       000000
__Hbigsfr                                         bigsfr       000000
__Hbss                                            bss          000000
__HbssCOMRAM                                      bssCOMRAM    000000
__Hcinit                                          cinit        000000
__Hclrtext                                        clrtext      000000
__Hcomram                                         comram       000000
__Hconfig                                         config       30000E
__Hconst                                          const        000000
__HcstackCOMRAM                                   cstackCOMRAM 000000
__Hdata                                           data         000000
__HdataCOMRAM                                     dataCOMRAM   000000
__Heeprom_data                                    eeprom_data  000000
__Hfarbss                                         farbss       000000
__Hfardata                                        fardata      000000
__Hheap                                           heap         000000
__Hibigdata                                       ibigdata     000000
__Hidata                                          idata        000000
__HidataCOMRAM                                    idataCOMRAM  000000
__Hidloc                                          idloc        000000
__Hifardata                                       ifardata     000000
__Hinit                                           init         000012
__Hintcode                                        intcode      00000E
__Hintcode_body                                   intcode_body 000000
__Hintcodelo                                      intcodelo    00000E
__Hintentry                                       intentry     000000
__Hintret                                         intret       000000
__Hintsave_regs                                   intsave_regs 000000
__Hirdata                                         irdata       000000
__Hmediumconst                                    mediumconst  000000
__HnvFARRAM                                       nvFARRAM     000000
__Hnvbit                                          nvbit        000000
__Hnvrram                                         nvrram       000000
__Hparam                                          rparam       000000
__Hpowerup                                        powerup      00000E
__Hram                                            ram          000000
__Hramtop                                         ramtop       001000
__Hrbit                                           rbit         000000
__Hrbss                                           rbss         000000
__Hrdata                                          rdata        000000
__Hreset_vec                                      reset_vec    000004
__Hrparam                                         rparam       000000
__Hsfr                                            sfr          000000
__Hsivt_hi                                        sivt_hi      000000
__Hsivt_lo                                        sivt_lo      000000
__Hsmallconst                                     smallconst   001002
__Hspace_0                                        (abs)        001D0C
__Hspace_1                                        (abs)        00006C
__Hspace_2                                        (abs)        000000
__Hspace_4                                        (abs)        60000E
__Hstack                                          stack        000000
__Hstruct                                         struct       000000
__Htemp                                           temp         00006C
__Htext                                           text         000000
__Htext0                                          text0        000000
__Htext1                                          text1        000000
__Htext10                                         text10       000000
__Htext11                                         text11       000000
__Htext12                                         text12       000000
__Htext14                                         text14       000000
__Htext15                                         text15       000000
__Htext16                                         text16       000000
__Htext17                                         text17       000000
__Htext18                                         text18       000000
__Htext19                                         text19       000000
__Htext2                                          text2        000000
__Htext20                                         text20       000000
__Htext21                                         text21       000000
__Htext22                                         text22       000000
__Htext23                                         text23       000000
__Htext24                                         text24       000000
__Htext25                                         text25       000000
__Htext26                                         text26       000000
__Htext3                                          text3        000000
__Htext4                                          text4        000000
__Htext5                                          text5        000000
__Htext6                                          text6        000000
__Htext7                                          text7        000000
__Htext8                                          text8        000000
__Htext9                                          text9        000000
__LRAM                                            (abs)        000001
__L__absolute__                                   __absolute__ 000000
__Labs1                                           abs1         000000
__Lbank0                                          bank0        000000
__Lbank1                                          bank1        000000
__Lbank10                                         bank10       000000
__Lbank11                                         bank11       000000
__Lbank12                                         bank12       000000
__Lbank13                                         bank13       000000
__Lbank14                                         bank14       000000
__Lbank15                                         bank15       000000
__Lbank2                                          bank2        000000
__Lbank3                                          bank3        000000
__Lbank4                                          bank4        000000
__Lbank5                                          bank5        000000
__Lbank6                                          bank6        000000
__Lbank7                                          bank7        000000
__Lbank8                                          bank8        000000
__Lbank9                                          bank9        000000
__Lbigbss                                         bigbss       000000
__Lbigdata                                        bigdata      000000
__Lbigram                                         bigram       000000
__Lbigsfr                                         bigsfr       000000
__Lbss                                            bss          000000
__LbssCOMRAM                                      bssCOMRAM    000000
__Lcinit                                          cinit        000000
__Lclrtext                                        clrtext      000000
__Lcomram                                         comram       000000
__Lconfig                                         config       000000
__Lconst                                          const        000000
__LcstackCOMRAM                                   cstackCOMRAM 000000
__Ldata                                           data         000000
__LdataCOMRAM                                     dataCOMRAM   000000
__Leeprom_data                                    eeprom_data  000000
__Lfarbss                                         farbss       000000
__Lfardata                                        fardata      000000
__Lheap                                           heap         000000
__Libigdata                                       ibigdata     000000
__Lidata                                          idata        000000
__LidataCOMRAM                                    idataCOMRAM  000000
__Lidloc                                          idloc        000000
__Lifardata                                       ifardata     000000
__Linit                                           init         00000E
__Lintcode                                        intcode      000008
__Lintcode_body                                   intcode_body 000000
__Lintcodelo                                      intcodelo    00000E
__Lintentry                                       intentry     000000
__Lintret                                         intret       000000
__Lintsave_regs                                   intsave_regs 000000
__Lirdata                                         irdata       000000
__Lmediumconst                                    mediumconst  000000
__LnvFARRAM                                       nvFARRAM     000000
__Lnvbit                                          nvbit        000000
__Lnvrram                                         nvrram       000000
__Lparam                                          rparam       000000
__Lpowerup                                        powerup      00000E
__Lram                                            ram          000000
__Lramtop                                         ramtop       001000
__Lrbit                                           rbit         000000
__Lrbss                                           rbss         000000
__Lrdata                                          rdata        000000
__Lreset_vec                                      reset_vec    000000
__Lrparam                                         rparam       000000
__Lsfr                                            sfr          000000
__Lsivt_hi                                        sivt_hi      000000
__Lsivt_lo                                        sivt_lo      000000
__Lsmallconst                                     smallconst   001000
__Lspace_0                                        (abs)        000000
__Lspace_1                                        (abs)        000000
__Lspace_2                                        (abs)        000000
__Lspace_4                                        (abs)        000000
__Lstack                                          stack        000000
__Lstruct                                         struct       000000
__Ltemp                                           temp         00006B
__Ltext                                           text         000000
__Ltext0                                          text0        000000
__Ltext1                                          text1        000000
__Ltext10                                         text10       000000
__Ltext11                                         text11       000000
__Ltext12                                         text12       000000
__Ltext14                                         text14       000000
__Ltext15                                         text15       000000
__Ltext16                                         text16       000000
__Ltext17                                         text17       000000
__Ltext18                                         text18       000000
__Ltext19                                         text19       000000
__Ltext2                                          text2        000000
__Ltext20                                         text20       000000
__Ltext21                                         text21       000000
__Ltext22                                         text22       000000
__Ltext23                                         text23       000000
__Ltext24                                         text24       000000
__Ltext25                                         text25       000000
__Ltext26                                         text26       000000
__Ltext3                                          text3        000000
__Ltext4                                          text4        000000
__Ltext5                                          text5        000000
__Ltext6                                          text6        000000
__Ltext7                                          text7        000000
__Ltext8                                          text8        000000
__Ltext9                                          text9        000000
__S0                                              (abs)        001D0C
__S1                                              (abs)        00006C
__S4                                              (abs)        000000
__S5                                              (abs)        000000
___heap_hi                                        (abs)        000000
___heap_lo                                        (abs)        000000
___inthi_sp                                       stack        000000
___inthi_stack_hi                                 stack        000000
___inthi_stack_lo                                 stack        000000
___intlo_sp                                       stack        000000
___intlo_stack_hi                                 stack        000000
___intlo_stack_lo                                 stack        000000
___param_bank                                     (abs)        000000
___rparam_used                                    (abs)        000001
___sp                                             stack        000000
___stack_hi                                       stack        000000
___stack_lo                                       stack        000000
__accesstop                                       (abs)        000080
__activetblptr                                    (abs)        000002
__end_of_ADC_DefaultInterruptHandler              text22       0016DE
__end_of_ADC_GetConversionResult                  text26       00186E
__end_of_ADC_ISR                                  text21       001C08
__end_of_ADC_Init                                 text6        00191A
__end_of_ADC_SelectChannel                        text11       001BD8
__end_of_ADC_StartConversion                      text10       001C80
__end_of_ADC_StartConversion_Interrupt            text9        001BA0
__end_of_INT0_ISR                                 text20       001D0C
__end_of_INT1_ISR                                 text19       001D08
__end_of_INT2_ISR                                 text18       001D04
__end_of_InterruptManager                         intcode_body 0012D8
__end_of_RB4_ISR                                  text17       001CE8
__end_of_RB5_ISR                                  text16       001CCE
__end_of_RB6_ISR                                  text15       001CB4
__end_of_RB7_ISR                                  text14       001C9A
__end_of__initialization                          cinit        001B20
__end_of_adc_input_channel_pin_configure          text12       0017B6
__end_of_application_intialize                    text1        001C5E
__end_of_configure_voltage_reference              text8        001AF4
__end_of_gpio_pin_direction_intialize             text5        0013EA
__end_of_gpio_pin_intialize                       text3        001AB6
__end_of_gpio_pin_write_logic                     text4        0014FA
__end_of_led_intialize                            text2        00198A
__end_of_led_turn_off                             text24       001A5E
__end_of_led_turn_on                              text23       0019F4
__end_of_main                                     text0        001D00
__end_of_select_result_format                     text7        001B68
__end_ofi2_gpio_pin_write_logic                   text25       001600
__initialization                                  cinit        001AF4
__mediumconst                                     mediumconst  000000
__pbssCOMRAM                                      bssCOMRAM    00002D
__pcinit                                          cinit        001AF4
__pcstackCOMRAM                                   cstackCOMRAM 00004C
__pdataCOMRAM                                     dataCOMRAM   000001
__pidataCOMRAM                                    idataCOMRAM  001C08
__pintcode                                        intcode      000008
__pintcode_body                                   intcode_body 001002
__psmallconst                                     smallconst   001000
__ptext0                                          text0        001CE8
__ptext1                                          text1        001C34
__ptext10                                         text10       001C5E
__ptext11                                         text11       001BA0
__ptext12                                         text12       0016DE
__ptext14                                         text14       001C80
__ptext15                                         text15       001C9A
__ptext16                                         text16       001CB4
__ptext17                                         text17       001CCE
__ptext18                                         text18       001D00
__ptext19                                         text19       001D04
__ptext2                                          text2        00191A
__ptext20                                         text20       001D08
__ptext21                                         text21       001BD8
__ptext22                                         text22       001600
__ptext23                                         text23       00198A
__ptext24                                         text24       0019F4
__ptext25                                         text25       0014FA
__ptext26                                         text26       0017B6
__ptext3                                          text3        001A5E
__ptext4                                          text4        0013EA
__ptext5                                          text5        0012D8
__ptext6                                          text6        00186E
__ptext7                                          text7        001B2E
__ptext8                                          text8        001AB6
__ptext9                                          text9        001B68
__ramtop                                          ramtop       001000
__smallconst                                      smallconst   001000
_adc1                                             dataCOMRAM   000023
_adc_flag                                         bssCOMRAM    000045
_adc_input_channel_pin_configure                  text12       0016DE
_adc_res_1                                        bssCOMRAM    00004A
_application_intialize                            text1        001C34
_configure_voltage_reference                      text8        001AB6
_gpio_pin_direction_intialize                     text5        0012D8
_gpio_pin_intialize                               text3        001A5E
_gpio_pin_write_logic                             text4        0013EA
_lat_registers                                    dataCOMRAM   00000B
_led0                                             dataCOMRAM   00002C
_led1                                             dataCOMRAM   00002B
_led2                                             dataCOMRAM   00002A
_led3                                             dataCOMRAM   000029
_led_intialize                                    text2        00191A
_led_turn_off                                     text24       0019F4
_led_turn_on                                      text23       00198A
_main                                             text0        001CE8
_port_registers                                   dataCOMRAM   000001
_select_result_format                             text7        001B2E
_tris_registers                                   dataCOMRAM   000015
adc_input_channel_pin_configure@channel           cstackCOMRAM 00005E
btemp                                             temp         00006B
configure_voltage_reference@_adc                  cstackCOMRAM 00005C
end_of_initialization                             cinit        001B20
gpio_pin_direction_intialize@_pin_config          cstackCOMRAM 00005C
gpio_pin_direction_intialize@ret                  cstackCOMRAM 000062
gpio_pin_intialize@_pin_config                    cstackCOMRAM 000064
gpio_pin_intialize@ret                            cstackCOMRAM 000066
gpio_pin_write_logic@_pin_config                  cstackCOMRAM 00005C
gpio_pin_write_logic@logic                        cstackCOMRAM 00005D
gpio_pin_write_logic@ret                          cstackCOMRAM 000063
i2_gpio_pin_write_logic                           text25       0014FA
i2gpio_pin_write_logic@_pin_config                cstackCOMRAM 00004C
i2gpio_pin_write_logic@logic                      cstackCOMRAM 00004D
int$flags                                         temp         00006B
int_func                                          intcode_body 001002
intlevel0                                         text         000000
intlevel1                                         text         000000
intlevel2                                         text         000000
intlevel3                                         text         000000
isa$std                                           (abs)        000001
isa$xinst                                         (abs)        000000
led_intialize@F3062                               bssCOMRAM    000049
led_intialize@led                                 cstackCOMRAM 000067
led_intialize@pin_obj                             cstackCOMRAM 00006A
led_intialize@ret                                 cstackCOMRAM 000069
led_turn_off@F3072                                bssCOMRAM    000047
led_turn_off@led                                  cstackCOMRAM 000053
led_turn_off@pin_obj                              cstackCOMRAM 000055
led_turn_on@F3067                                 bssCOMRAM    000048
led_turn_on@led                                   cstackCOMRAM 000053
led_turn_on@pin_obj                               cstackCOMRAM 000055
led_turn_toggle@F3077                             bssCOMRAM    000046
select_result_format@_adc                         cstackCOMRAM 00005C
stackhi                                           (abs)        000000
stacklo                                           (abs)        000000
start                                             init         00000E
start_initialization                              cinit        001AF4
ttemp5                                            temp         00006C
ttemp6                                            temp         00006F
ttemp7                                            temp         000073
wtemp8                                            temp         00006C


MODULE INFORMATION

Module		Function		Class		Link	Load	Size
MCAL_Layer/Interrupt/External_Interrupt.c
		_RB4_ISR       		CODE           	1CCE	0000	26
		_RB5_ISR       		CODE           	1CB4	0000	26
		_RB6_ISR       		CODE           	1C9A	0000	26
		_RB7_ISR       		CODE           	1C80	0000	26
		_INT0_ISR      		CODE           	1D08	0000	4
		_INT1_ISR      		CODE           	1D04	0000	4
		_INT2_ISR      		CODE           	1D00	0000	4

MCAL_Layer/Interrupt/External_Interrupt.c estimated size: 116

MCAL_Layer/ADC/adc.c
		_adc_input_channel_pin_configure		CODE           	16DE	0000	216
		_ADC_StartConversion_Interrupt		CODE           	1B68	0000	56
		_ADC_GetConversionResult		CODE           	17B6	0000	184
		_configure_voltage_reference		CODE           	1AB6	0000	62
		_ADC_StartConversion		CODE           	1C5E	0000	34
		_ADC_ISR       		CODE           	1BD8	0000	48
		_ADC_SelectChannel		CODE           	1BA0	0000	56
		_ADC_Init      		CODE           	186E	0000	172
		_select_result_format		CODE           	1B2E	0000	58

MCAL_Layer/ADC/adc.c estimated size: 886

shared
		__initialization		CODE           	1AF4	0000	44
		i2_gpio_pin_write_logic		CODE           	14FA	0000	262

shared estimated size: 306

ECU_Layer/led/led.c
		_led_turn_on   		CODE           	198A	0000	106
		_led_turn_off  		CODE           	19F4	0000	106
		_led_intialize 		CODE           	191A	0000	112

ECU_Layer/led/led.c estimated size: 324

MCAL_Layer/GPIO/hal_gpio.c
		_gpio_pin_write_logic		CODE           	13EA	0000	272
		_gpio_pin_intialize		CODE           	1A5E	0000	88
		_gpio_pin_direction_intialize		CODE           	12D8	0000	274

MCAL_Layer/GPIO/hal_gpio.c estimated size: 634

application.c
		_ADC_DefaultInterruptHandler		CODE           	1600	0000	222
		_main          		CODE           	1CE8	0000	24
		_application_intialize		CODE           	1C34	0000	42

application.c estimated size: 288

MCAL_Layer/Interrupt/Interrupt_manager.c
		_InterruptManager		CODE           	0008	0000	732

MCAL_Layer/Interrupt/Interrupt_manager.c estimated size: 732

