Microchip MPLAB XC8 Compiler V2.46

Linker command line:

-W-3 \
  --edf=C:\Program Files\Microchip\xc8\v2.46\pic\dat\20240104201356_en.msgs \
  --msgdisable=0 -cn -h+dist/default/debug\application.X.debug.sym \
  --cmf=dist/default/debug\application.X.debug.cmf -z -Q18F4620 \
  -oC:\Users\smart\AppData\Local\Temp\xcAsc8s.\driver_tmp_3.o \
  --defsym=__MPLAB_BUILD=1 --fixupoverflow=error \
  -Mdist/default/debug/application.X.debug.map \
  --md=C:\Users\smart\AppData\Local\Temp\xcAsc8s.\driver_tmp_0.dat -E1 \
  -ver=XC8 Compiler --acfsm=1493 -ACODE=00h-0FFFFh -ACONST=00h-0FFFFh \
  -ASMALLCONST=01000h-010FFhx240 -AMEDIUMCONST=01000h-0FFFFh \
  -ACOMRAM=01h-07Fh -AABS1=00h-0F7Fh -ABIGRAM=01h-0F7Fh \
  -ARAM=080h-0FFh,0100h-01FFhx14,0F00h-0F7Fh -ABANK0=080h-0FFh \
  -ABANK1=0100h-01FFh -ABANK2=0200h-02FFh -ABANK3=0300h-03FFh \
  -ABANK4=0400h-04FFh -ABANK5=0500h-05FFh -ABANK6=0600h-06FFh \
  -ABANK7=0700h-07FFh -ABANK8=0800h-08FFh -ABANK9=0900h-09FFh \
  -ABANK10=0A00h-0AFFh -ABANK11=0B00h-0BFFh -ABANK12=0C00h-0CFFh \
  -ABANK13=0D00h-0DFFh -ABANK14=0E00h-0EFFh -ABANK15=0F00h-0F7Fh \
  -ASFR=0F80h-0FFFh -ABIGSFR=0F80h-0FFFh -ACONFIG=0300000h-030000Dh \
  -AIDLOC=0200000h-0200007h -AEEDATA=0F00000h-0F003FFh -peeprom_data=EEDATA \
  -preset_vec=00h,intcode,sivt_hi,intcodelo,sivt_lo,powerup,init \
  -pramtop=01000h -psmallconst=SMALLCONST -pmediumconst=MEDIUMCONST \
  -pconst=CONST -AFARRAM=00h-00h \
  -prdata=COMRAM,nvrram=COMRAM,nvbit=COMRAM,rbss=COMRAM,rbit=COMRAM \
  -pfarbss=FARRAM,fardata=FARRAM,nvFARRAM=FARRAM \
  -pintsave_regs=BIGRAM,bigbss=BIGRAM,bigdata=BIGRAM -pbss=RAM \
  -pidata=CODE,irdata=CODE,ibigdata=CODE,ifardata=CODE -prparam=COMRAM \
  C:\Users\smart\AppData\Local\Temp\xcAsc8s.\driver_tmp_9.o \
  dist/default/debug\application.X.debug.o 

Object code version is 3.11

Machine type is 18F4620



                Name                               Link     Load   Length Selector   Space Scale
C:\Users\smart\AppData\Local\Temp\xcAsc8s.\driver_tmp_9.o
                config                           300000   300000        E        0       4
                init                                  0        0        4        0       0
dist/default/debug\application.X.debug.o
                config                           300000   300000        E        0       4
                smallconst                         1000     1000       16      800       0
                text11                             1016     1016      112      80B       0
                text10                             157A     157A       26      80B       0
                text9                              1128     1128      110      80B       0
                text8                              1408     1408       5E      80B       0
                text7                              152C     152C       28      80B       0
                text6                              15A0     15A0       1A      80B       0
                text5                              12EA     12EA       A4      80B       0
                text4                              1238     1238       B2      80B       0
                text3                              14FC     14FC       30      80B       0
                text2                              14CC     14CC       30      80B       0
                text1                              149C     149C       30      80B       0
                text0                              138E     138E       7A      80B       0
                cstackCOMRAM                         27       27        D        1       1
                dataCOMRAM                            1        1       26        1       1
                bssCOMRAM                            34       34        B        1       1
                cinit                              1466     1466       36      80B       0
                idataCOMRAM                        1554     1554       26      80B       0

TOTAL           Name                               Link     Load   Length     Space
        CLASS   CODE           
                init                                  0        0        4         0
                text11                             1016     1016      112         0
                text10                             157A     157A       26         0
                text9                              1128     1128      110         0
                text8                              1408     1408       5E         0
                text7                              152C     152C       28         0
                text6                              15A0     15A0       1A         0
                text5                              12EA     12EA       A4         0
                text4                              1238     1238       B2         0
                text3                              14FC     14FC       30         0
                text2                              14CC     14CC       30         0
                text1                              149C     149C       30         0
                text0                              138E     138E       7A         0
                cinit                              1466     1466       36         0
                idataCOMRAM                        1554     1554       26         0

        CLASS   CONST          

        CLASS   SMALLCONST     
                smallconst                         1000     1000       16         0

        CLASS   MEDIUMCONST    

        CLASS   COMRAM         
                cstackCOMRAM                         27       27        D         1
                dataCOMRAM                            1        1       26         1
                bssCOMRAM                            34       34        B         1

        CLASS   ABS1           

        CLASS   BIGRAM         

        CLASS   RAM            

        CLASS   BANK0          

        CLASS   BANK1          

        CLASS   BANK2          

        CLASS   BANK3          

        CLASS   BANK4          

        CLASS   BANK5          

        CLASS   BANK6          

        CLASS   BANK7          

        CLASS   BANK8          

        CLASS   BANK9          

        CLASS   BANK10         

        CLASS   BANK11         

        CLASS   BANK12         

        CLASS   BANK13         

        CLASS   BANK14         

        CLASS   BANK15         

        CLASS   SFR            

        CLASS   BIGSFR         

        CLASS   CONFIG         
                config                           300000   300000        E         4

        CLASS   IDLOC          

        CLASS   EEDATA         

        CLASS   FARRAM         

        CLASS   HEAP           

        CLASS   STACK          



SEGMENTS        Name                           Load    Length   Top    Selector   Space  Class

                reset_vec                      000000  000004  000004         0       0  CODE    
                dataCOMRAM                     000001  00003E  00003F         1       1  COMRAM  
                smallconst                     001000  000016  001016       800       0  SMALLCON
                text11                         001016  0005A4  0015BA       80B       0  CODE    


UNUSED ADDRESS RANGES

        Name                Unused          Largest block    Delta
        BANK0            000080-0000FF               80
        BANK1            000100-0001FF              100
        BANK10           000A00-000AFF              100
        BANK11           000B00-000BFF              100
        BANK12           000C00-000CFF              100
        BANK13           000D00-000DFF              100
        BANK14           000E00-000EFF              100
        BANK15           000F00-000F7F               80
        BANK2            000200-0002FF              100
        BANK3            000300-0003FF              100
        BANK4            000400-0004FF              100
        BANK5            000500-0005FF              100
        BANK6            000600-0006FF              100
        BANK7            000700-0007FF              100
        BANK8            000800-0008FF              100
        BANK9            000900-0009FF              100
        BIGRAM           00003F-000F7F              F41
        BIGSFR           000F80-000FFF               80
        CODE             000004-000FFF              FFC
                         0015BA-00FFFF             EA46
        COMRAM           00003F-00007F               41
        CONST            000004-000FFF              FFC
                         0015BA-00FFFF             EA46
        EEDATA           F00000-F003FF              400
        IDLOC            200000-200007                8
        MEDIUMCONST      0015BA-00FFFF             EA46
        RAM              000080-000F7F              100
        SFR              000F80-000FFF               80
        SMALLCONST       0015BA-00FFFF              100

                                  Symbol Table

_LATA                                    (abs)        000F89
_LATB                                    (abs)        000F8A
_LATC                                    (abs)        000F8B
_LATD                                    (abs)        000F8C
_LATE                                    (abs)        000F8D
_PORTA                                   (abs)        000F80
_PORTB                                   (abs)        000F81
_PORTC                                   (abs)        000F82
_PORTD                                   (abs)        000F83
_PORTE                                   (abs)        000F84
_Push_button_status                      bssCOMRAM    00003E
_TRISA                                   (abs)        000F92
_TRISB                                   (abs)        000F93
_TRISC                                   (abs)        000F94
_TRISD                                   (abs)        000F95
_TRISE                                   (abs)        000F96
__HRAM                                   (abs)        000000
__H__absolute__                          __absolute__ 000000
__Habs1                                  abs1         000000
__Hbank0                                 bank0        000000
__Hbank1                                 bank1        000000
__Hbank10                                bank10       000000
__Hbank11                                bank11       000000
__Hbank12                                bank12       000000
__Hbank13                                bank13       000000
__Hbank14                                bank14       000000
__Hbank15                                bank15       000000
__Hbank2                                 bank2        000000
__Hbank3                                 bank3        000000
__Hbank4                                 bank4        000000
__Hbank5                                 bank5        000000
__Hbank6                                 bank6        000000
__Hbank7                                 bank7        000000
__Hbank8                                 bank8        000000
__Hbank9                                 bank9        000000
__Hbigbss                                bigbss       000000
__Hbigdata                               bigdata      000000
__Hbigram                                bigram       000000
__Hbigsfr                                bigsfr       000000
__Hbss                                   bss          000000
__HbssCOMRAM                             bssCOMRAM    000000
__Hcinit                                 cinit        000000
__Hclrtext                               clrtext      000000
__Hcomram                                comram       000000
__Hconfig                                config       30000E
__Hconst                                 const        000000
__HcstackCOMRAM                          cstackCOMRAM 000000
__Hdata                                  data         000000
__HdataCOMRAM                            dataCOMRAM   000000
__Heeprom_data                           eeprom_data  000000
__Hfarbss                                farbss       000000
__Hfardata                               fardata      000000
__Hheap                                  heap         000000
__Hibigdata                              ibigdata     000000
__Hidata                                 idata        000000
__HidataCOMRAM                           idataCOMRAM  000000
__Hidloc                                 idloc        000000
__Hifardata                              ifardata     000000
__Hinit                                  init         000004
__Hintcode                               intcode      000000
__Hintcode_body                          intcode_body 000000
__Hintcodelo                             intcodelo    000000
__Hintentry                              intentry     000000
__Hintret                                intret       000000
__Hintsave_regs                          intsave_regs 000000
__Hirdata                                irdata       000000
__Hmediumconst                           mediumconst  000000
__HnvFARRAM                              nvFARRAM     000000
__Hnvbit                                 nvbit        000000
__Hnvrram                                nvrram       000000
__Hparam                                 rparam       000000
__Hpowerup                               powerup      000000
__Hram                                   ram          000000
__Hramtop                                ramtop       001000
__Hrbit                                  rbit         000000
__Hrbss                                  rbss         000000
__Hrdata                                 rdata        000000
__Hreset_vec                             reset_vec    000000
__Hrparam                                rparam       000000
__Hsfr                                   sfr          000000
__Hsivt_hi                               sivt_hi      000000
__Hsivt_lo                               sivt_lo      000000
__Hsmallconst                            smallconst   001016
__Hspace_0                               (abs)        0015BA
__Hspace_1                               (abs)        00003F
__Hspace_2                               (abs)        000000
__Hspace_4                               (abs)        60000E
__Hstack                                 stack        000000
__Hstruct                                struct       000000
__Htemp                                  temp         000000
__Htext                                  text         000000
__Htext0                                 text0        000000
__Htext1                                 text1        000000
__Htext10                                text10       000000
__Htext11                                text11       000000
__Htext2                                 text2        000000
__Htext3                                 text3        000000
__Htext4                                 text4        000000
__Htext5                                 text5        000000
__Htext6                                 text6        000000
__Htext7                                 text7        000000
__Htext8                                 text8        000000
__Htext9                                 text9        000000
__LRAM                                   (abs)        000001
__L__absolute__                          __absolute__ 000000
__Labs1                                  abs1         000000
__Lbank0                                 bank0        000000
__Lbank1                                 bank1        000000
__Lbank10                                bank10       000000
__Lbank11                                bank11       000000
__Lbank12                                bank12       000000
__Lbank13                                bank13       000000
__Lbank14                                bank14       000000
__Lbank15                                bank15       000000
__Lbank2                                 bank2        000000
__Lbank3                                 bank3        000000
__Lbank4                                 bank4        000000
__Lbank5                                 bank5        000000
__Lbank6                                 bank6        000000
__Lbank7                                 bank7        000000
__Lbank8                                 bank8        000000
__Lbank9                                 bank9        000000
__Lbigbss                                bigbss       000000
__Lbigdata                               bigdata      000000
__Lbigram                                bigram       000000
__Lbigsfr                                bigsfr       000000
__Lbss                                   bss          000000
__LbssCOMRAM                             bssCOMRAM    000000
__Lcinit                                 cinit        000000
__Lclrtext                               clrtext      000000
__Lcomram                                comram       000000
__Lconfig                                config       000000
__Lconst                                 const        000000
__LcstackCOMRAM                          cstackCOMRAM 000000
__Ldata                                  data         000000
__LdataCOMRAM                            dataCOMRAM   000000
__Leeprom_data                           eeprom_data  000000
__Lfarbss                                farbss       000000
__Lfardata                               fardata      000000
__Lheap                                  heap         000000
__Libigdata                              ibigdata     000000
__Lidata                                 idata        000000
__LidataCOMRAM                           idataCOMRAM  000000
__Lidloc                                 idloc        000000
__Lifardata                              ifardata     000000
__Linit                                  init         000000
__Lintcode                               intcode      000000
__Lintcode_body                          intcode_body 000000
__Lintcodelo                             intcodelo    000000
__Lintentry                              intentry     000000
__Lintret                                intret       000000
__Lintsave_regs                          intsave_regs 000000
__Lirdata                                irdata       000000
__Lmediumconst                           mediumconst  000000
__LnvFARRAM                              nvFARRAM     000000
__Lnvbit                                 nvbit        000000
__Lnvrram                                nvrram       000000
__Lparam                                 rparam       000000
__Lpowerup                               powerup      000000
__Lram                                   ram          000000
__Lramtop                                ramtop       001000
__Lrbit                                  rbit         000000
__Lrbss                                  rbss         000000
__Lrdata                                 rdata        000000
__Lreset_vec                             reset_vec    000000
__Lrparam                                rparam       000000
__Lsfr                                   sfr          000000
__Lsivt_hi                               sivt_hi      000000
__Lsivt_lo                               sivt_lo      000000
__Lsmallconst                            smallconst   001000
__Lspace_0                               (abs)        000000
__Lspace_1                               (abs)        000000
__Lspace_2                               (abs)        000000
__Lspace_4                               (abs)        000000
__Lstack                                 stack        000000
__Lstruct                                struct       000000
__Ltemp                                  temp         000000
__Ltext                                  text         000000
__Ltext0                                 text0        000000
__Ltext1                                 text1        000000
__Ltext10                                text10       000000
__Ltext11                                text11       000000
__Ltext2                                 text2        000000
__Ltext3                                 text3        000000
__Ltext4                                 text4        000000
__Ltext5                                 text5        000000
__Ltext6                                 text6        000000
__Ltext7                                 text7        000000
__Ltext8                                 text8        000000
__Ltext9                                 text9        000000
__S0                                     (abs)        0015BA
__S1                                     (abs)        00003F
__S4                                     (abs)        000000
__S5                                     (abs)        000000
___heap_hi                               (abs)        000000
___heap_lo                               (abs)        000000
___inthi_sp                              stack        000000
___inthi_stack_hi                        stack        000000
___inthi_stack_lo                        stack        000000
___intlo_sp                              stack        000000
___intlo_stack_hi                        stack        000000
___intlo_stack_lo                        stack        000000
___param_bank                            (abs)        000000
___rparam_used                           (abs)        000001
___sp                                    stack        000000
___stack_hi                              stack        000000
___stack_lo                              stack        000000
__accesstop                              (abs)        000080
__activetblptr                           (abs)        000002
__end_of__initialization                 cinit        001492
__end_of_application_intialize           text6        0015BA
__end_of_btn_values                      smallconst   001011
__end_of_button_intialize                text10       0015A0
__end_of_button_read_state               text4        0012EA
__end_of_dc_motor_intialize              text7        001554
__end_of_dc_motor_stop                   text3        00152C
__end_of_dc_motor_turn_left              text2        0014FC
__end_of_dc_motor_turn_right             text1        0014CC
__end_of_gpio_pin_direction_intialize    text11       001128
__end_of_gpio_pin_intialize              text8        001466
__end_of_gpio_pin_read_logic             text5        00138E
__end_of_gpio_pin_write_logic            text9        001238
__end_of_main                            text0        001408
__initialization                         cinit        001466
__mediumconst                            mediumconst  000000
__pbssCOMRAM                             bssCOMRAM    000034
__pcinit                                 cinit        001466
__pcstackCOMRAM                          cstackCOMRAM 000027
__pdataCOMRAM                            dataCOMRAM   000001
__pidataCOMRAM                           idataCOMRAM  001554
__psmallconst                            smallconst   001000
__ptext0                                 text0        00138E
__ptext1                                 text1        00149C
__ptext10                                text10       00157A
__ptext11                                text11       001016
__ptext2                                 text2        0014CC
__ptext3                                 text3        0014FC
__ptext4                                 text4        001238
__ptext5                                 text5        0012EA
__ptext6                                 text6        0015A0
__ptext7                                 text7        00152C
__ptext8                                 text8        001408
__ptext9                                 text9        001128
__ramtop                                 ramtop       001000
__smallconst                             smallconst   001000
_application_intialize                   text6        0015A0
_btn_values                              smallconst   001001
_button                                  dataCOMRAM   000022
_button_intialize                        text10       00157A
_button_read_state                       text4        001238
_dc_motor_1                              dataCOMRAM   000025
_dc_motor_intialize                      text7        00152C
_dc_motor_stop                           text3        0014FC
_dc_motor_turn_left                      text2        0014CC
_dc_motor_turn_right                     text1        00149C
_gpio_pin_direction_intialize            text11       001016
_gpio_pin_intialize                      text8        001408
_gpio_pin_read_logic                     text5        0012EA
_gpio_pin_write_logic                    text9        001128
_lat_registers                           dataCOMRAM   00000B
_main                                    text0        00138E
_port_registers                          dataCOMRAM   000001
_switch__                                dataCOMRAM   00001F
_switch_status                           bssCOMRAM    00003D
_tris_registers                          dataCOMRAM   000015
button_intialize@btn                     cstackCOMRAM 00002E
button_intialize@ret                     cstackCOMRAM 00002F
button_read_state@btn                    cstackCOMRAM 00002E
button_read_state@btn_state              cstackCOMRAM 00002F
button_read_state@pin_logic_status       cstackCOMRAM 000032
button_read_state@ret                    cstackCOMRAM 000031
dc_motor_intialize@_dc_motor             cstackCOMRAM 000032
dc_motor_stop@_dc_motor                  cstackCOMRAM 00002F
dc_motor_turn_left@_dc_motor             cstackCOMRAM 00002F
dc_motor_turn_right@_dc_motor            cstackCOMRAM 00002F
end_of_initialization                    cinit        001492
gpio_pin_direction_intialize@_pin_config cstackCOMRAM 000027
gpio_pin_direction_intialize@ret         cstackCOMRAM 00002D
gpio_pin_intialize@_pin_config           cstackCOMRAM 00002F
gpio_pin_intialize@ret                   cstackCOMRAM 000031
gpio_pin_read_logic@_pin_config          cstackCOMRAM 000027
gpio_pin_read_logic@logic                cstackCOMRAM 000028
gpio_pin_read_logic@ret                  cstackCOMRAM 00002D
gpio_pin_write_logic@_pin_config         cstackCOMRAM 000027
gpio_pin_write_logic@logic               cstackCOMRAM 000028
gpio_pin_write_logic@ret                 cstackCOMRAM 00002E
intlevel0                                text         000000
intlevel1                                text         000000
intlevel2                                text         000000
intlevel3                                text         000000
isa$std                                  (abs)        000001
isa$xinst                                (abs)        000000
led_intialize@F3062                      bssCOMRAM    00003C
led_turn_off@F3072                       bssCOMRAM    00003A
led_turn_on@F3067                        bssCOMRAM    00003B
led_turn_toggle@F3077                    bssCOMRAM    000039
main@temp                                cstackCOMRAM 000033
relay_intialize@F3056                    bssCOMRAM    000038
relay_turn_off@F3066                     bssCOMRAM    000036
relay_turn_on@F3061                      bssCOMRAM    000037
stackhi                                  (abs)        000000
stacklo                                  (abs)        000000
start                                    init         000000
start_initialization                     cinit        001466


MODULE INFORMATION

Module		Function		Class		Link	Load	Size
ECU_Layer/DC_motor/DC_motor.c
		_dc_motor_stop 		CODE           	14FC	0000	48
		_dc_motor_turn_right		CODE           	149C	0000	48
		_dc_motor_intialize		CODE           	152C	0000	40
		_dc_motor_turn_left		CODE           	14CC	0000	48

ECU_Layer/DC_motor/DC_motor.c estimated size: 184

ECU_Layer/button/button.c
		_button_intialize		CODE           	157A	0000	38
		_button_read_state		CODE           	1238	0000	178

ECU_Layer/button/button.c estimated size: 216

shared
		_btn_values    		SMALLCONST     	1001	0000	16
		__initialization		CODE           	1466	0000	44

shared estimated size: 60

MCAL_Layer/GPIO/hal_gpio.c
		_gpio_pin_write_logic		CODE           	1128	0000	272
		_gpio_pin_intialize		CODE           	1408	0000	94
		_gpio_pin_read_logic		CODE           	12EA	0000	164
		_gpio_pin_direction_intialize		CODE           	1016	0000	274

MCAL_Layer/GPIO/hal_gpio.c estimated size: 804

application.c
		_main          		CODE           	138E	0000	122
		_application_intialize		CODE           	15A0	0000	26

application.c estimated size: 148

