Microchip MPLAB XC8 Compiler V2.46

Linker command line:

-W-3 \
  --edf=C:\Program Files\Microchip\xc8\v2.46\pic\dat\20240104201356_en.msgs \
  --msgdisable=0 -cn -h+dist/default/debug\application.X.debug.sym \
  --cmf=dist/default/debug\application.X.debug.cmf -z -Q18F4620 \
  -oC:\Users\smart\AppData\Local\Temp\xcAs9so.\driver_tmp_3.o \
  --defsym=__MPLAB_BUILD=1 --fixupoverflow=error \
  -Mdist/default/debug/application.X.debug.map \
  --md=C:\Users\smart\AppData\Local\Temp\xcAs9so.\driver_tmp_0.dat -E1 \
  -ver=XC8 Compiler --acfsm=1493 -ACODE=00h-0FFFFh -ACONST=00h-0FFFFh \
  -ASMALLCONST=01000h-010FFhx240 -AMEDIUMCONST=01000h-0FFFFh \
  -ACOMRAM=01h-07Fh -AABS1=00h-0F7Fh -ABIGRAM=01h-0F7Fh \
  -ARAM=080h-0FFh,0100h-01FFhx14,0F00h-0F7Fh -ABANK0=080h-0FFh \
  -ABANK1=0100h-01FFh -ABANK2=0200h-02FFh -ABANK3=0300h-03FFh \
  -ABANK4=0400h-04FFh -ABANK5=0500h-05FFh -ABANK6=0600h-06FFh \
  -ABANK7=0700h-07FFh -ABANK8=0800h-08FFh -ABANK9=0900h-09FFh \
  -ABANK10=0A00h-0AFFh -ABANK11=0B00h-0BFFh -ABANK12=0C00h-0CFFh \
  -ABANK13=0D00h-0DFFh -ABANK14=0E00h-0EFFh -ABANK15=0F00h-0F7Fh \
  -ASFR=0F80h-0FFFh -ABIGSFR=0F80h-0FFFh -ACONFIG=0300000h-030000Dh \
  -AIDLOC=0200000h-0200007h -AEEDATA=0F00000h-0F003FFh -peeprom_data=EEDATA \
  -preset_vec=00h,intcode=8h,intcodelo,powerup,init -pramtop=01000h \
  -psmallconst=SMALLCONST -pmediumconst=MEDIUMCONST -pconst=CONST \
  -AFARRAM=00h-00h \
  -prdata=COMRAM,nvrram=COMRAM,nvbit=COMRAM,rbss=COMRAM,rbit=COMRAM \
  -pfarbss=FARRAM,fardata=FARRAM,nvFARRAM=FARRAM \
  -pintsave_regs=BIGRAM,bigbss=BIGRAM,bigdata=BIGRAM -pbss=RAM \
  -pidata=CODE,irdata=CODE,ibigdata=CODE,ifardata=CODE -prparam=COMRAM \
  C:\Users\smart\AppData\Local\Temp\xcAs9so.\driver_tmp_9.o \
  dist/default/debug\application.X.debug.o 

Object code version is 3.11

Machine type is 18F4620



                Name                               Link     Load   Length Selector   Space Scale
C:\Users\smart\AppData\Local\Temp\xcAs9so.\driver_tmp_9.o
                config                           300000   300000        E        0       4
                init                                  E        E        4        4       0
                reset_vec                             0        0        4        0       0
dist/default/debug\application.X.debug.o
                intcode                               8        8        6        4       0
                config                           300000   300000        E        0       4
                temp                                 70       70        1        1       1
                smallconst                         1000     1000        2      800       0
                text24                             1AE0     1AE0        4      801       0
                text23                             1ADC     1ADC        4      801       0
                text22                             1AD8     1AD8        4      801       0
                text21                             17FE     17FE       82      801       0
                text20                             18F6     18F6       66      801       0
                text19                             1ACE     1ACE        A      801       0
                text18                             1AC4     1AC4        A      801       0
                text17                             1ABA     1ABA        A      801       0
                text16                             1AB0     1AB0        A      801       0
                text15                             1AA6     1AA6        A      801       0
                text14                             1A9C     1A9C        A      801       0
                text13                             1A92     1A92        A      801       0
                text12                             1A88     1A88        A      801       0
                text11                             177C     177C       82      801       0
                text10                             16FA     16FA       82      801       0
                text9                              1678     1678       82      801       0
                text8                              15F6     15F6       82      801       0
                intcode_body                       1002     1002      2B6      801       0
                text6                              13D4     13D4      112      801       0
                text5                              12B8     12B8      11C      801       0
                text4                              14E6     14E6      110      801       0
                text3                              195C     195C       5E      801       0
                text2                              1880     1880       76      801       0
                text1                              19BA     19BA       4A      801       0
                text0                              1A7C     1A7C        C      801       0
                cstackCOMRAM                         59       59       17        1       1
                cstackBANK0                          80       80        7       80       1
                dataCOMRAM                            1        1       3E        1       1
                bssCOMRAM                            3F       3F       1A        1       1
                cinit                              1A42     1A42       3A      801       0
                idataCOMRAM                        1A04     1A04       3E      801       0

TOTAL           Name                               Link     Load   Length     Space
        CLASS   CODE           
                intcode                               8        8        6         0
                init                                  E        E        4         0
                reset_vec                             0        0        4         0
                text24                             1AE0     1AE0        4         0
                text23                             1ADC     1ADC        4         0
                text22                             1AD8     1AD8        4         0
                text21                             17FE     17FE       82         0
                text20                             18F6     18F6       66         0
                text19                             1ACE     1ACE        A         0
                text18                             1AC4     1AC4        A         0
                text17                             1ABA     1ABA        A         0
                text16                             1AB0     1AB0        A         0
                text15                             1AA6     1AA6        A         0
                text14                             1A9C     1A9C        A         0
                text13                             1A92     1A92        A         0
                text12                             1A88     1A88        A         0
                text11                             177C     177C       82         0
                text10                             16FA     16FA       82         0
                text9                              1678     1678       82         0
                text8                              15F6     15F6       82         0
                intcode_body                       1002     1002      2B6         0
                text6                              13D4     13D4      112         0
                text5                              12B8     12B8      11C         0
                text4                              14E6     14E6      110         0
                text3                              195C     195C       5E         0
                text2                              1880     1880       76         0
                text1                              19BA     19BA       4A         0
                text0                              1A7C     1A7C        C         0
                cinit                              1A42     1A42       3A         0
                idataCOMRAM                        1A04     1A04       3E         0

        CLASS   CONST          

        CLASS   SMALLCONST     
                smallconst                         1000     1000        2         0

        CLASS   MEDIUMCONST    

        CLASS   COMRAM         
                temp                                 70       70        1         1
                cstackCOMRAM                         59       59       17         1
                dataCOMRAM                            1        1       3E         1
                bssCOMRAM                            3F       3F       1A         1

        CLASS   ABS1           

        CLASS   BIGRAM         

        CLASS   RAM            

        CLASS   BANK0          
                cstackBANK0                          80       80        7         1

        CLASS   BANK1          

        CLASS   BANK2          

        CLASS   BANK3          

        CLASS   BANK4          

        CLASS   BANK5          

        CLASS   BANK6          

        CLASS   BANK7          

        CLASS   BANK8          

        CLASS   BANK9          

        CLASS   BANK10         

        CLASS   BANK11         

        CLASS   BANK12         

        CLASS   BANK13         

        CLASS   BANK14         

        CLASS   BANK15         

        CLASS   SFR            

        CLASS   BIGSFR         

        CLASS   CONFIG         
                config                           300000   300000        E         4

        CLASS   IDLOC          

        CLASS   EEDATA         

        CLASS   FARRAM         

        CLASS   HEAP           

        CLASS   STACK          



SEGMENTS        Name                           Load    Length   Top    Selector   Space  Class

                reset_vec                      000000  000004  000004         0       0  CODE    
                dataCOMRAM                     000001  000070  000071         1       1  COMRAM  
                intcode                        000008  00000A  000012         4       0  CODE    
                cstackBANK0                    000080  000007  000087        80       1  BANK0   
                smallconst                     001000  000002  001002       800       0  SMALLCON
                intcode_body                   001002  000AE2  001AE4       801       0  CODE    


UNUSED ADDRESS RANGES

        Name                Unused          Largest block    Delta
        BANK0            000087-0000FF               79
        BANK1            000100-0001FF              100
        BANK10           000A00-000AFF              100
        BANK11           000B00-000BFF              100
        BANK12           000C00-000CFF              100
        BANK13           000D00-000DFF              100
        BANK14           000E00-000EFF              100
        BANK15           000F00-000F7F               80
        BANK2            000200-0002FF              100
        BANK3            000300-0003FF              100
        BANK4            000400-0004FF              100
        BANK5            000500-0005FF              100
        BANK6            000600-0006FF              100
        BANK7            000700-0007FF              100
        BANK8            000800-0008FF              100
        BANK9            000900-0009FF              100
        BIGRAM           000071-00007F                F
                         000087-000F7F              EF9
        BIGSFR           000F80-000FFF               80
        CODE             000004-000007                4
                         000012-000FFF              FEE
                         001AE4-00FFFF             E51C
        COMRAM           000071-00007F                F
        CONST            000004-000007                4
                         000012-000FFF              FEE
                         001AE4-00FFFF             E51C
        EEDATA           F00000-F003FF              400
        IDLOC            200000-200007                8
        MEDIUMCONST      001AE4-00FFFF             E51C
        RAM              000087-000F7F              100
        SFR              000F80-000FFF               80
        SMALLCONST       001AE4-00FFFF              100

                                  Symbol Table

Interrupt_RBx_Init@int_obj               cstackCOMRAM 00006F
Interrupt_RBx_Init@ret                   cstackBANK0  000080
RB4_ISR@RB4_source                       cstackCOMRAM 000061
RB5_ISR@RB5_source                       cstackCOMRAM 000061
RB6_ISR@RB6_source                       cstackCOMRAM 000061
RB7_ISR@RB7_source                       cstackCOMRAM 000061
_INT0_ISR                                text24       001AE0
_INT0_InterruptHandler                   bssCOMRAM    000053
_INT1_ISR                                text23       001ADC
_INT1_InterruptHandler                   bssCOMRAM    000051
_INT2_ISR                                text22       001AD8
_INT2_InterruptHandler                   bssCOMRAM    00004F
_INTCON2bits                             (abs)        000FF1
_INTCON3bits                             (abs)        000FF0
_INTCONbits                              (abs)        000FF2
_InterruptManager                        intcode      000008
_Interrupt_RBx_Init                      text5        0012B8
_LATA                                    (abs)        000F89
_LATB                                    (abs)        000F8A
_LATC                                    (abs)        000F8B
_LATD                                    (abs)        000F8C
_LATE                                    (abs)        000F8D
_PORTA                                   (abs)        000F80
_PORTB                                   (abs)        000F81
_PORTBbits                               (abs)        000F81
_PORTC                                   (abs)        000F82
_PORTD                                   (abs)        000F83
_PORTE                                   (abs)        000F84
_RB4_APP_ISR_High                        text18       001AC4
_RB4_APP_ISR_Low                         text14       001A9C
_RB4_Flag                                dataCOMRAM   000022
_RB4_ISR                                 text11       00177C
_RB4_InterruptHandlerHigh                bssCOMRAM    00004D
_RB4_InterruptHandlerLow                 bssCOMRAM    00004B
_RB4_obj                                 dataCOMRAM   000035
_RB5_APP_ISR_High                        text17       001ABA
_RB5_APP_ISR_Low                         text13       001A92
_RB5_Flag                                dataCOMRAM   000021
_RB5_ISR                                 text10       0016FA
_RB5_InterruptHandlerHigh                bssCOMRAM    000049
_RB5_InterruptHandlerLow                 bssCOMRAM    000047
_RB5_obj                                 dataCOMRAM   00002F
_RB6_APP_ISR_High                        text16       001AB0
_RB6_APP_ISR_Low                         text12       001A88
_RB6_Flag                                dataCOMRAM   000020
_RB6_ISR                                 text9        001678
_RB6_InterruptHandlerHigh                bssCOMRAM    000045
_RB6_InterruptHandlerLow                 bssCOMRAM    000043
_RB6_obj                                 dataCOMRAM   000029
_RB7_APP_ISR_High                        text19       001ACE
_RB7_APP_ISR_Low                         text15       001AA6
_RB7_Flag                                dataCOMRAM   00001F
_RB7_ISR                                 text8        0015F6
_RB7_InterruptHandlerHigh                bssCOMRAM    000041
_RB7_InterruptHandlerLow                 bssCOMRAM    00003F
_RB7_obj                                 dataCOMRAM   000023
_TRISA                                   (abs)        000F92
_TRISB                                   (abs)        000F93
_TRISC                                   (abs)        000F94
_TRISD                                   (abs)        000F95
_TRISE                                   (abs)        000F96
__HRAM                                   (abs)        000000
__H__absolute__                          __absolute__ 000000
__Habs1                                  abs1         000000
__Hbank0                                 bank0        000000
__Hbank1                                 bank1        000000
__Hbank10                                bank10       000000
__Hbank11                                bank11       000000
__Hbank12                                bank12       000000
__Hbank13                                bank13       000000
__Hbank14                                bank14       000000
__Hbank15                                bank15       000000
__Hbank2                                 bank2        000000
__Hbank3                                 bank3        000000
__Hbank4                                 bank4        000000
__Hbank5                                 bank5        000000
__Hbank6                                 bank6        000000
__Hbank7                                 bank7        000000
__Hbank8                                 bank8        000000
__Hbank9                                 bank9        000000
__Hbigbss                                bigbss       000000
__Hbigdata                               bigdata      000000
__Hbigram                                bigram       000000
__Hbigsfr                                bigsfr       000000
__Hbss                                   bss          000000
__HbssCOMRAM                             bssCOMRAM    000000
__Hcinit                                 cinit        000000
__Hclrtext                               clrtext      000000
__Hcomram                                comram       000000
__Hconfig                                config       30000E
__Hconst                                 const        000000
__HcstackBANK0                           cstackBANK0  000000
__HcstackCOMRAM                          cstackCOMRAM 000000
__Hdata                                  data         000000
__HdataCOMRAM                            dataCOMRAM   000000
__Heeprom_data                           eeprom_data  000000
__Hfarbss                                farbss       000000
__Hfardata                               fardata      000000
__Hheap                                  heap         000000
__Hibigdata                              ibigdata     000000
__Hidata                                 idata        000000
__HidataCOMRAM                           idataCOMRAM  000000
__Hidloc                                 idloc        000000
__Hifardata                              ifardata     000000
__Hinit                                  init         000012
__Hintcode                               intcode      00000E
__Hintcode_body                          intcode_body 000000
__Hintcodelo                             intcodelo    00000E
__Hintentry                              intentry     000000
__Hintret                                intret       000000
__Hintsave_regs                          intsave_regs 000000
__Hirdata                                irdata       000000
__Hmediumconst                           mediumconst  000000
__HnvFARRAM                              nvFARRAM     000000
__Hnvbit                                 nvbit        000000
__Hnvrram                                nvrram       000000
__Hparam                                 rparam       000000
__Hpowerup                               powerup      00000E
__Hram                                   ram          000000
__Hramtop                                ramtop       001000
__Hrbit                                  rbit         000000
__Hrbss                                  rbss         000000
__Hrdata                                 rdata        000000
__Hreset_vec                             reset_vec    000004
__Hrparam                                rparam       000000
__Hsfr                                   sfr          000000
__Hsivt_hi                               sivt_hi      000000
__Hsivt_lo                               sivt_lo      000000
__Hsmallconst                            smallconst   001002
__Hspace_0                               (abs)        001AE4
__Hspace_1                               (abs)        000087
__Hspace_2                               (abs)        000000
__Hspace_4                               (abs)        60000E
__Hstack                                 stack        000000
__Hstruct                                struct       000000
__Htemp                                  temp         000071
__Htext                                  text         000000
__Htext0                                 text0        000000
__Htext1                                 text1        000000
__Htext10                                text10       000000
__Htext11                                text11       000000
__Htext12                                text12       000000
__Htext13                                text13       000000
__Htext14                                text14       000000
__Htext15                                text15       000000
__Htext16                                text16       000000
__Htext17                                text17       000000
__Htext18                                text18       000000
__Htext19                                text19       000000
__Htext2                                 text2        000000
__Htext20                                text20       000000
__Htext21                                text21       000000
__Htext22                                text22       000000
__Htext23                                text23       000000
__Htext24                                text24       000000
__Htext3                                 text3        000000
__Htext4                                 text4        000000
__Htext5                                 text5        000000
__Htext6                                 text6        000000
__Htext8                                 text8        000000
__Htext9                                 text9        000000
__LRAM                                   (abs)        000001
__L__absolute__                          __absolute__ 000000
__Labs1                                  abs1         000000
__Lbank0                                 bank0        000000
__Lbank1                                 bank1        000000
__Lbank10                                bank10       000000
__Lbank11                                bank11       000000
__Lbank12                                bank12       000000
__Lbank13                                bank13       000000
__Lbank14                                bank14       000000
__Lbank15                                bank15       000000
__Lbank2                                 bank2        000000
__Lbank3                                 bank3        000000
__Lbank4                                 bank4        000000
__Lbank5                                 bank5        000000
__Lbank6                                 bank6        000000
__Lbank7                                 bank7        000000
__Lbank8                                 bank8        000000
__Lbank9                                 bank9        000000
__Lbigbss                                bigbss       000000
__Lbigdata                               bigdata      000000
__Lbigram                                bigram       000000
__Lbigsfr                                bigsfr       000000
__Lbss                                   bss          000000
__LbssCOMRAM                             bssCOMRAM    000000
__Lcinit                                 cinit        000000
__Lclrtext                               clrtext      000000
__Lcomram                                comram       000000
__Lconfig                                config       000000
__Lconst                                 const        000000
__LcstackBANK0                           cstackBANK0  000000
__LcstackCOMRAM                          cstackCOMRAM 000000
__Ldata                                  data         000000
__LdataCOMRAM                            dataCOMRAM   000000
__Leeprom_data                           eeprom_data  000000
__Lfarbss                                farbss       000000
__Lfardata                               fardata      000000
__Lheap                                  heap         000000
__Libigdata                              ibigdata     000000
__Lidata                                 idata        000000
__LidataCOMRAM                           idataCOMRAM  000000
__Lidloc                                 idloc        000000
__Lifardata                              ifardata     000000
__Linit                                  init         00000E
__Lintcode                               intcode      000008
__Lintcode_body                          intcode_body 000000
__Lintcodelo                             intcodelo    00000E
__Lintentry                              intentry     000000
__Lintret                                intret       000000
__Lintsave_regs                          intsave_regs 000000
__Lirdata                                irdata       000000
__Lmediumconst                           mediumconst  000000
__LnvFARRAM                              nvFARRAM     000000
__Lnvbit                                 nvbit        000000
__Lnvrram                                nvrram       000000
__Lparam                                 rparam       000000
__Lpowerup                               powerup      00000E
__Lram                                   ram          000000
__Lramtop                                ramtop       001000
__Lrbit                                  rbit         000000
__Lrbss                                  rbss         000000
__Lrdata                                 rdata        000000
__Lreset_vec                             reset_vec    000000
__Lrparam                                rparam       000000
__Lsfr                                   sfr          000000
__Lsivt_hi                               sivt_hi      000000
__Lsivt_lo                               sivt_lo      000000
__Lsmallconst                            smallconst   001000
__Lspace_0                               (abs)        000000
__Lspace_1                               (abs)        000000
__Lspace_2                               (abs)        000000
__Lspace_4                               (abs)        000000
__Lstack                                 stack        000000
__Lstruct                                struct       000000
__Ltemp                                  temp         000070
__Ltext                                  text         000000
__Ltext0                                 text0        000000
__Ltext1                                 text1        000000
__Ltext10                                text10       000000
__Ltext11                                text11       000000
__Ltext12                                text12       000000
__Ltext13                                text13       000000
__Ltext14                                text14       000000
__Ltext15                                text15       000000
__Ltext16                                text16       000000
__Ltext17                                text17       000000
__Ltext18                                text18       000000
__Ltext19                                text19       000000
__Ltext2                                 text2        000000
__Ltext20                                text20       000000
__Ltext21                                text21       000000
__Ltext22                                text22       000000
__Ltext23                                text23       000000
__Ltext24                                text24       000000
__Ltext3                                 text3        000000
__Ltext4                                 text4        000000
__Ltext5                                 text5        000000
__Ltext6                                 text6        000000
__Ltext8                                 text8        000000
__Ltext9                                 text9        000000
__S0                                     (abs)        001AE4
__S1                                     (abs)        000087
__S4                                     (abs)        000000
__S5                                     (abs)        000000
___heap_hi                               (abs)        000000
___heap_lo                               (abs)        000000
___inthi_sp                              stack        000000
___inthi_stack_hi                        stack        000000
___inthi_stack_lo                        stack        000000
___intlo_sp                              stack        000000
___intlo_stack_hi                        stack        000000
___intlo_stack_lo                        stack        000000
___param_bank                            (abs)        000000
___rparam_used                           (abs)        000001
___sp                                    stack        000000
___stack_hi                              stack        000000
___stack_lo                              stack        000000
__accesstop                              (abs)        000080
__activetblptr                           (abs)        000002
__end_of_INT0_ISR                        text24       001AE4
__end_of_INT1_ISR                        text23       001AE0
__end_of_INT2_ISR                        text22       001ADC
__end_of_InterruptManager                intcode_body 0012B8
__end_of_Interrupt_RBx_Init              text5        0013D4
__end_of_RB4_APP_ISR_High                text18       001ACE
__end_of_RB4_APP_ISR_Low                 text14       001AA6
__end_of_RB4_ISR                         text11       0017FE
__end_of_RB5_APP_ISR_High                text17       001AC4
__end_of_RB5_APP_ISR_Low                 text13       001A9C
__end_of_RB5_ISR                         text10       00177C
__end_of_RB6_APP_ISR_High                text16       001ABA
__end_of_RB6_APP_ISR_Low                 text12       001A92
__end_of_RB6_ISR                         text9        0016FA
__end_of_RB7_APP_ISR_High                text19       001AD8
__end_of_RB7_APP_ISR_Low                 text15       001AB0
__end_of_RB7_ISR                         text8        001678
__end_of__initialization                 cinit        001A6E
__end_of_application_intialize           text1        001A04
__end_of_gpio_pin_direction_intialize    text6        0014E6
__end_of_gpio_pin_intialize              text3        0019BA
__end_of_gpio_pin_toggle_logic           text21       001880
__end_of_gpio_pin_write_logic            text4        0015F6
__end_of_led_intialize                   text2        0018F6
__end_of_led_turn_toggle                 text20       00195C
__end_of_main                            text0        001A88
__initialization                         cinit        001A42
__mediumconst                            mediumconst  000000
__pbssCOMRAM                             bssCOMRAM    00003F
__pcinit                                 cinit        001A42
__pcstackBANK0                           cstackBANK0  000080
__pcstackCOMRAM                          cstackCOMRAM 000059
__pdataCOMRAM                            dataCOMRAM   000001
__pidataCOMRAM                           idataCOMRAM  001A04
__pintcode                               intcode      000008
__pintcode_body                          intcode_body 001002
__psmallconst                            smallconst   001000
__ptext0                                 text0        001A7C
__ptext1                                 text1        0019BA
__ptext10                                text10       0016FA
__ptext11                                text11       00177C
__ptext12                                text12       001A88
__ptext13                                text13       001A92
__ptext14                                text14       001A9C
__ptext15                                text15       001AA6
__ptext16                                text16       001AB0
__ptext17                                text17       001ABA
__ptext18                                text18       001AC4
__ptext19                                text19       001ACE
__ptext2                                 text2        001880
__ptext20                                text20       0018F6
__ptext21                                text21       0017FE
__ptext22                                text22       001AD8
__ptext23                                text23       001ADC
__ptext24                                text24       001AE0
__ptext3                                 text3        00195C
__ptext4                                 text4        0014E6
__ptext5                                 text5        0012B8
__ptext6                                 text6        0013D4
__ptext8                                 text8        0015F6
__ptext9                                 text9        001678
__ramtop                                 ramtop       001000
__smallconst                             smallconst   001000
_application_intialize                   text1        0019BA
_gpio_pin_direction_intialize            text6        0013D4
_gpio_pin_intialize                      text3        00195C
_gpio_pin_toggle_logic                   text21       0017FE
_gpio_pin_write_logic                    text4        0014E6
_lat_registers                           dataCOMRAM   00000B
_led0                                    dataCOMRAM   00003E
_led1                                    dataCOMRAM   00003D
_led2                                    dataCOMRAM   00003C
_led3                                    dataCOMRAM   00003B
_led_intialize                           text2        001880
_led_turn_toggle                         text20       0018F6
_main                                    text0        001A7C
_port_registers                          dataCOMRAM   000001
_tris_registers                          dataCOMRAM   000015
btemp                                    temp         000070
end_of_initialization                    cinit        001A6E
gpio_pin_direction_intialize@_pin_config cstackCOMRAM 000068
gpio_pin_direction_intialize@ret         cstackCOMRAM 00006E
gpio_pin_intialize@_pin_config           cstackBANK0  000080
gpio_pin_intialize@ret                   cstackBANK0  000082
gpio_pin_toggle_logic@_pin_config        cstackCOMRAM 000059
gpio_pin_write_logic@_pin_config         cstackCOMRAM 000068
gpio_pin_write_logic@logic               cstackCOMRAM 000069
gpio_pin_write_logic@ret                 cstackCOMRAM 00006F
int$flags                                temp         000070
int_func                                 intcode_body 001002
intlevel0                                text         000000
intlevel1                                text         000000
intlevel2                                text         000000
intlevel3                                text         000000
isa$std                                  (abs)        000001
isa$xinst                                (abs)        000000
led_intialize@F3062                      bssCOMRAM    000058
led_intialize@led                        cstackBANK0  000083
led_intialize@pin_obj                    cstackBANK0  000086
led_intialize@ret                        cstackBANK0  000085
led_turn_off@F3072                       bssCOMRAM    000056
led_turn_on@F3067                        bssCOMRAM    000057
led_turn_toggle@F3077                    bssCOMRAM    000055
led_turn_toggle@led                      cstackCOMRAM 00005E
led_turn_toggle@pin_obj                  cstackCOMRAM 000060
stackhi                                  (abs)        000000
stacklo                                  (abs)        000000
start                                    init         00000E
start_initialization                     cinit        001A42
ttemp5                                   temp         000071
ttemp6                                   temp         000074
ttemp7                                   temp         000078
wtemp8                                   temp         000071


MODULE INFORMATION

Module		Function		Class		Link	Load	Size
MCAL_Layer/Interrupt/External_Interrupt.c
		_RB4_ISR       		CODE           	177C	0000	130
		_RB5_ISR       		CODE           	16FA	0000	130
		_RB6_ISR       		CODE           	1678	0000	130
		_RB7_ISR       		CODE           	15F6	0000	130
		_INT0_ISR      		CODE           	1AE0	0000	4
		_Interrupt_RBx_Init		CODE           	12B8	0000	284
		_INT1_ISR      		CODE           	1ADC	0000	4
		_INT2_ISR      		CODE           	1AD8	0000	4

MCAL_Layer/Interrupt/External_Interrupt.c estimated size: 816

shared
		__initialization		CODE           	1A42	0000	44

shared estimated size: 44

ECU_Layer/led/led.c
		_led_turn_toggle		CODE           	18F6	0000	102
		_led_intialize 		CODE           	1880	0000	118

ECU_Layer/led/led.c estimated size: 220

MCAL_Layer/GPIO/hal_gpio.c
		_gpio_pin_write_logic		CODE           	14E6	0000	272
		_gpio_pin_intialize		CODE           	195C	0000	94
		_gpio_pin_direction_intialize		CODE           	13D4	0000	274
		_gpio_pin_toggle_logic		CODE           	17FE	0000	130

MCAL_Layer/GPIO/hal_gpio.c estimated size: 770

application.c
		_RB4_APP_ISR_Low		CODE           	1A9C	0000	10
		_RB5_APP_ISR_Low		CODE           	1A92	0000	10
		_RB6_APP_ISR_Low		CODE           	1A88	0000	10
		_RB7_APP_ISR_Low		CODE           	1AA6	0000	10
		_main          		CODE           	1A7C	0000	12
		_application_intialize		CODE           	19BA	0000	74
		_RB4_APP_ISR_High		CODE           	1AC4	0000	10
		_RB5_APP_ISR_High		CODE           	1ABA	0000	10
		_RB6_APP_ISR_High		CODE           	1AB0	0000	10
		_RB7_APP_ISR_High		CODE           	1ACE	0000	10

application.c estimated size: 166

MCAL_Layer/Interrupt/Interrupt_manager.c
		_InterruptManager		CODE           	0008	0000	700

MCAL_Layer/Interrupt/Interrupt_manager.c estimated size: 700

